#
# There is insufficient memory for the Java Runtime Environment to continue.
# Native memory allocation (malloc) failed to allocate 1060896 bytes. Error detail: Chunk::new
# Possible reasons:
#   The system is out of physical RAM or swap space
#   This process is running with CompressedOops enabled, and the Java Heap may be blocking the growth of the native heap
# Possible solutions:
#   Reduce memory load on the system
#   Increase physical memory or swap space
#   Check if swap backing store is full
#   Decrease Java heap size (-Xmx/-Xms)
#   Decrease number of Java threads
#   Decrease Java thread stack sizes (-Xss)
#   Set larger code cache with -XX:ReservedCodeCacheSize=
#   JVM is running with Unscaled Compressed Oops mode in which the Java heap is
#     placed in the first 4GB address space. The Java Heap base address is the
#     maximum limit for the native heap growth. Please use -XX:HeapBaseMinAddress
#     to set the Java Heap base and to place the Java Heap above 4GB virtual address.
# This output file may be truncated or incomplete.
#
#  Out of Memory Error (arena.cpp:168), pid=9440, tid=1972
#
# JRE version: OpenJDK Runtime Environment (21.0.4) (build 21.0.4+-12508038-b607.1)
# Java VM: OpenJDK 64-Bit Server VM (21.0.4+-12508038-b607.1, mixed mode, tiered, compressed oops, compressed class ptrs, g1 gc, windows-amd64)
# No core dump will be written. Minidumps are not enabled by default on client versions of Windows
#

---------------  S U M M A R Y ------------

Command Line: --add-opens=java.base/java.util=ALL-UNNAMED --add-opens=java.base/java.lang=ALL-UNNAMED --add-opens=java.base/java.lang.invoke=ALL-UNNAMED --add-opens=java.prefs/java.util.prefs=ALL-UNNAMED --add-opens=java.base/java.nio.charset=ALL-UNNAMED --add-opens=java.base/java.net=ALL-UNNAMED --add-opens=java.base/java.util.concurrent.atomic=ALL-UNNAMED -Xmx2048m -Dfile.encoding=UTF-8 -Duser.country=US -Duser.language=en -Duser.variant -javaagent:C:\Users\erica\.gradle\wrapper\dists\gradle-8.5-bin\5t9huq95ubn472n8rpzujfbqh\gradle-8.5\lib\agents\gradle-instrumentation-agent-8.5.jar org.gradle.launcher.daemon.bootstrap.GradleDaemon 8.5

Host: AMD Ryzen 5 4600H with Radeon Graphics         , 12 cores, 7G,  Windows 11 , 64 bit Build 26100 (10.0.26100.3323)
Time: Mon Mar 17 14:38:23 2025 China Standard Time elapsed time: 5.154537 seconds (0d 0h 0m 5s)

---------------  T H R E A D  ---------------

Current thread (0x00000158b6bbafc0):  JavaThread "C2 CompilerThread0" daemon [_thread_in_native, id=1972, stack(0x00000001f0900000,0x00000001f0a00000) (1024K)]


Current CompileTask:
C2:   5154 3095       4       java.lang.invoke.MethodType::methodType (69 bytes)

Stack: [0x00000001f0900000,0x00000001f0a00000]
Native frames: (J=compiled Java code, j=interpreted, Vv=VM code, C=native code)
V  [jvm.dll+0x6ce539]
V  [jvm.dll+0x85bf03]
V  [jvm.dll+0x85e45e]
V  [jvm.dll+0x85eb43]
V  [jvm.dll+0x27dd06]
V  [jvm.dll+0xbf9cd]
V  [jvm.dll+0xbff03]
V  [jvm.dll+0x2f19c1]
V  [jvm.dll+0x5f8d79]
V  [jvm.dll+0x2503d2]
V  [jvm.dll+0x248daa]
V  [jvm.dll+0x2468be]
V  [jvm.dll+0x1c58a4]
V  [jvm.dll+0x255fec]
V  [jvm.dll+0x254536]
V  [jvm.dll+0x3efab6]
V  [jvm.dll+0x804418]
V  [jvm.dll+0x6cce0d]
C  [ucrtbase.dll+0x37b0]
C  [KERNEL32.DLL+0x2e8d7]
C  [ntdll.dll+0xbbf6c]


---------------  P R O C E S S  ---------------

Threads class SMR info:
_java_thread_list=0x00000158becb1620, length=31, elements={
0x000001589e69f100, 0x00000158b6b48880, 0x00000158b6b7cb50, 0x00000158b6ba8870,
0x00000158b6bb13d0, 0x00000158b6bb9e40, 0x00000158b6bbe900, 0x00000158b6bbafc0,
0x00000158b6bbbfa0, 0x00000158b6d2a540, 0x00000158bb195f20, 0x00000158bb1b8500,
0x00000158bc196950, 0x00000158bcad0150, 0x00000158bcce6e40, 0x00000158bcd84830,
0x00000158bc46f780, 0x00000158bc8672e0, 0x00000158bc798ce0, 0x00000158bcd57b70,
0x00000158bcd58f20, 0x00000158bcd5a2d0, 0x00000158bcd58890, 0x00000158bcd56e50,
0x00000158bcd59c40, 0x00000158bcd58200, 0x00000158bcd574e0, 0x00000158bf7a3f90,
0x00000158bf7a5340, 0x00000158bf7a6060, 0x00000158c0315d80
}

Java Threads: ( => current thread )
  0x000001589e69f100 JavaThread "main"                              [_thread_blocked, id=11488, stack(0x00000001efb00000,0x00000001efc00000) (1024K)]
  0x00000158b6b48880 JavaThread "Reference Handler"          daemon [_thread_blocked, id=8224, stack(0x00000001f0300000,0x00000001f0400000) (1024K)]
  0x00000158b6b7cb50 JavaThread "Finalizer"                  daemon [_thread_blocked, id=12800, stack(0x00000001f0400000,0x00000001f0500000) (1024K)]
  0x00000158b6ba8870 JavaThread "Signal Dispatcher"          daemon [_thread_blocked, id=10996, stack(0x00000001f0500000,0x00000001f0600000) (1024K)]
  0x00000158b6bb13d0 JavaThread "Attach Listener"            daemon [_thread_blocked, id=9912, stack(0x00000001f0600000,0x00000001f0700000) (1024K)]
  0x00000158b6bb9e40 JavaThread "Service Thread"             daemon [_thread_blocked, id=4976, stack(0x00000001f0700000,0x00000001f0800000) (1024K)]
  0x00000158b6bbe900 JavaThread "Monitor Deflation Thread"   daemon [_thread_blocked, id=7892, stack(0x00000001f0800000,0x00000001f0900000) (1024K)]
=>0x00000158b6bbafc0 JavaThread "C2 CompilerThread0"         daemon [_thread_in_native, id=1972, stack(0x00000001f0900000,0x00000001f0a00000) (1024K)]
  0x00000158b6bbbfa0 JavaThread "C1 CompilerThread0"         daemon [_thread_blocked, id=2612, stack(0x00000001f0a00000,0x00000001f0b00000) (1024K)]
  0x00000158b6d2a540 JavaThread "Common-Cleaner"             daemon [_thread_blocked, id=13504, stack(0x00000001f0b00000,0x00000001f0c00000) (1024K)]
  0x00000158bb195f20 JavaThread "Notification Thread"        daemon [_thread_blocked, id=15732, stack(0x00000001f0c00000,0x00000001f0d00000) (1024K)]
  0x00000158bb1b8500 JavaThread "C2 CompilerThread1"         daemon [_thread_in_native, id=2776, stack(0x00000001f0d00000,0x00000001f0e00000) (1024K)]
  0x00000158bc196950 JavaThread "Daemon health stats"               [_thread_blocked, id=12956, stack(0x00000001f0e00000,0x00000001f0f00000) (1024K)]
  0x00000158bcad0150 JavaThread "Incoming local TCP Connector on port 50384"        [_thread_in_native, id=3356, stack(0x00000001f1300000,0x00000001f1400000) (1024K)]
  0x00000158bcce6e40 JavaThread "Daemon periodic checks"            [_thread_blocked, id=4844, stack(0x00000001f1400000,0x00000001f1500000) (1024K)]
  0x00000158bcd84830 JavaThread "Daemon"                            [_thread_blocked, id=1460, stack(0x00000001f1500000,0x00000001f1600000) (1024K)]
  0x00000158bc46f780 JavaThread "Handler for socket connection from /127.0.0.1:50384 to /127.0.0.1:50385"        [_thread_in_native, id=5816, stack(0x00000001f1600000,0x00000001f1700000) (1024K)]
  0x00000158bc8672e0 JavaThread "Cancel handler"                    [_thread_blocked, id=5152, stack(0x00000001f1700000,0x00000001f1800000) (1024K)]
  0x00000158bc798ce0 JavaThread "Daemon worker"                     [_thread_in_native, id=9848, stack(0x00000001f1800000,0x00000001f1900000) (1024K)]
  0x00000158bcd57b70 JavaThread "Asynchronous log dispatcher for DefaultDaemonConnection: socket connection from /127.0.0.1:50384 to /127.0.0.1:50385"        [_thread_blocked, id=2064, stack(0x00000001f1900000,0x00000001f1a00000) (1024K)]
  0x00000158bcd58f20 JavaThread "Stdin handler"                     [_thread_blocked, id=15956, stack(0x00000001f1a00000,0x00000001f1b00000) (1024K)]
  0x00000158bcd5a2d0 JavaThread "Daemon client event forwarder"        [_thread_blocked, id=2596, stack(0x00000001f1b00000,0x00000001f1c00000) (1024K)]
  0x00000158bcd58890 JavaThread "Cache worker for journal cache (C:\Users\erica\.gradle\caches\journal-1)"        [_thread_blocked, id=5024, stack(0x00000001f2300000,0x00000001f2400000) (1024K)]
  0x00000158bcd56e50 JavaThread "File lock request listener"        [_thread_in_native, id=7392, stack(0x00000001f2400000,0x00000001f2500000) (1024K)]
  0x00000158bcd59c40 JavaThread "Cache worker for file hash cache (C:\Users\erica\.gradle\caches\8.5\fileHashes)"        [_thread_blocked, id=15900, stack(0x00000001f2500000,0x00000001f2600000) (1024K)]
  0x00000158bcd58200 JavaThread "File watcher server"        daemon [_thread_in_native, id=6244, stack(0x00000001f2600000,0x00000001f2700000) (1024K)]
  0x00000158bcd574e0 JavaThread "File watcher consumer"      daemon [_thread_blocked, id=14560, stack(0x00000001f2700000,0x00000001f2800000) (1024K)]
  0x00000158bf7a3f90 JavaThread "Cache worker for checksums cache (C:\Users\erica\AndroidStudioProjects\G7-DEMENTIA-CARE\.gradle\8.5\checksums)"        [_thread_blocked, id=16048, stack(0x00000001f2800000,0x00000001f2900000) (1024K)]
  0x00000158bf7a5340 JavaThread "Cache worker for file hash cache (C:\Users\erica\AndroidStudioProjects\G7-DEMENTIA-CARE\.gradle\8.5\fileHashes)"        [_thread_blocked, id=5164, stack(0x00000001f2900000,0x00000001f2a00000) (1024K)]
  0x00000158bf7a6060 JavaThread "Cache worker for cache directory md-supplier (C:\Users\erica\.gradle\caches\8.5\md-supplier)"        [_thread_blocked, id=6772, stack(0x00000001f2a00000,0x00000001f2b00000) (1024K)]
  0x00000158c0315d80 JavaThread "C2 CompilerThread2"         daemon [_thread_in_native, id=6788, stack(0x00000001f2b00000,0x00000001f2c00000) (1024K)]
Total: 31

Other Threads:
  0x00000158b69ca630 VMThread "VM Thread"                           [id=11312, stack(0x00000001f0200000,0x00000001f0300000) (1024K)]
  0x00000158b696b9e0 WatcherThread "VM Periodic Task Thread"        [id=6428, stack(0x00000001f0100000,0x00000001f0200000) (1024K)]
  0x000001589ccbe060 WorkerThread "GC Thread#0"                     [id=11708, stack(0x00000001efc00000,0x00000001efd00000) (1024K)]
  0x00000158bbc331b0 WorkerThread "GC Thread#1"                     [id=14040, stack(0x00000001f0f00000,0x00000001f1000000) (1024K)]
  0x00000158bbdf4040 WorkerThread "GC Thread#2"                     [id=9140, stack(0x00000001f1000000,0x00000001f1100000) (1024K)]
  0x00000158bbde7600 WorkerThread "GC Thread#3"                     [id=7332, stack(0x00000001f1100000,0x00000001f1200000) (1024K)]
  0x00000158bbde79a0 WorkerThread "GC Thread#4"                     [id=11580, stack(0x00000001f1200000,0x00000001f1300000) (1024K)]
  0x00000158bc9d3110 WorkerThread "GC Thread#5"                     [id=1868, stack(0x00000001f1c00000,0x00000001f1d00000) (1024K)]
  0x00000158bcc68b80 WorkerThread "GC Thread#6"                     [id=12928, stack(0x00000001f1d00000,0x00000001f1e00000) (1024K)]
  0x00000158bc284120 WorkerThread "GC Thread#7"                     [id=15604, stack(0x00000001f1e00000,0x00000001f1f00000) (1024K)]
  0x00000158bcc3f9e0 WorkerThread "GC Thread#8"                     [id=7788, stack(0x00000001f1f00000,0x00000001f2000000) (1024K)]
  0x00000158bcc3f640 WorkerThread "GC Thread#9"                     [id=5688, stack(0x00000001f2000000,0x00000001f2100000) (1024K)]
  0x000001589e707620 ConcurrentGCThread "G1 Main Marker"            [id=7000, stack(0x00000001efd00000,0x00000001efe00000) (1024K)]
  0x000001589e708030 WorkerThread "G1 Conc#0"                       [id=13692, stack(0x00000001efe00000,0x00000001eff00000) (1024K)]
  0x00000158bcc3e080 WorkerThread "G1 Conc#1"                       [id=9504, stack(0x00000001f2100000,0x00000001f2200000) (1024K)]
  0x00000158bcc3eb60 WorkerThread "G1 Conc#2"                       [id=8660, stack(0x00000001f2200000,0x00000001f2300000) (1024K)]
  0x000001589e75eb10 ConcurrentGCThread "G1 Refine#0"               [id=6884, stack(0x00000001eff00000,0x00000001f0000000) (1024K)]
  0x00000158b6842680 ConcurrentGCThread "G1 Service"                [id=3636, stack(0x00000001f0000000,0x00000001f0100000) (1024K)]
Total: 18

Threads with active compile tasks:
C2 CompilerThread0     5172 3095       4       java.lang.invoke.MethodType::methodType (69 bytes)
C2 CompilerThread1     5172 3009       4       java.lang.invoke.MethodType::makeImpl (109 bytes)
C2 CompilerThread2     5172 3102       4       java.lang.invoke.MethodType::checkPtypes (76 bytes)
Total: 3

VM state: not at safepoint (normal execution)

VM Mutex/Monitor currently owned by a thread: None

Heap address: 0x0000000080000000, size: 2048 MB, Compressed Oops mode: 32-bit

CDS archive(s) not mapped
Compressed class space mapped at: 0x0000000100000000-0x0000000140000000, reserved size: 1073741824
Narrow klass base: 0x0000000000000000, Narrow klass shift: 3, Narrow klass range: 0x140000000

GC Precious Log:
 CardTable entry size: 512
 Card Set container configuration: InlinePtr #cards 5 size 8 Array Of Cards #cards 12 size 40 Howl #buckets 4 coarsen threshold 1843 Howl Bitmap #cards 512 size 80 coarsen threshold 460 Card regions per heap region 1 cards per card region 2048
 CPUs: 12 total, 12 available
 Memory: 7549M
 Large Page Support: Disabled
 NUMA Support: Disabled
 Compressed Oops: Enabled (32-bit)
 Heap Region Size: 1M
 Heap Min Capacity: 8M
 Heap Initial Capacity: 118M
 Heap Max Capacity: 2G
 Pre-touch: Disabled
 Parallel Workers: 10
 Concurrent Workers: 3
 Concurrent Refinement Workers: 10
 Periodic GC: Disabled

Heap:
 garbage-first heap   total 68608K, used 42238K [0x0000000080000000, 0x0000000100000000)
  region size 1024K, 24 young (24576K), 5 survivors (5120K)
 Metaspace       used 33964K, committed 34880K, reserved 1114112K
  class space    used 4550K, committed 4992K, reserved 1048576K

Heap Regions: E=young(eden), S=young(survivor), O=old, HS=humongous(starts), HC=humongous(continues), CS=collection set, F=free, TAMS=top-at-mark-start, PB=parsable bottom
|   0|0x0000000080000000, 0x0000000080100000, 0x0000000080100000|100%|HS|  |TAMS 0x0000000080000000| PB 0x0000000080000000| Complete 
|   1|0x0000000080100000, 0x0000000080200000, 0x0000000080200000|100%|HC|  |TAMS 0x0000000080100000| PB 0x0000000080100000| Complete 
|   2|0x0000000080200000, 0x0000000080300000, 0x0000000080300000|100%|HC|  |TAMS 0x0000000080200000| PB 0x0000000080200000| Complete 
|   3|0x0000000080300000, 0x0000000080400000, 0x0000000080400000|100%|HC|  |TAMS 0x0000000080300000| PB 0x0000000080300000| Complete 
|   4|0x0000000080400000, 0x0000000080500000, 0x0000000080500000|100%| O|  |TAMS 0x0000000080400000| PB 0x0000000080400000| Untracked 
|   5|0x0000000080500000, 0x0000000080600000, 0x0000000080600000|100%| O|  |TAMS 0x0000000080500000| PB 0x0000000080500000| Untracked 
|   6|0x0000000080600000, 0x0000000080700000, 0x0000000080700000|100%| O|  |TAMS 0x0000000080600000| PB 0x0000000080600000| Untracked 
|   7|0x0000000080700000, 0x0000000080800000, 0x0000000080800000|100%| O|  |TAMS 0x0000000080700000| PB 0x0000000080700000| Untracked 
|   8|0x0000000080800000, 0x0000000080900000, 0x0000000080900000|100%| O|  |TAMS 0x0000000080800000| PB 0x0000000080800000| Untracked 
|   9|0x0000000080900000, 0x0000000080a00000, 0x0000000080a00000|100%| O|  |TAMS 0x0000000080900000| PB 0x0000000080900000| Untracked 
|  10|0x0000000080a00000, 0x0000000080a00000, 0x0000000080b00000|  0%| F|  |TAMS 0x0000000080a00000| PB 0x0000000080a00000| Untracked 
|  11|0x0000000080b00000, 0x0000000080c00000, 0x0000000080c00000|100%| O|  |TAMS 0x0000000080b00000| PB 0x0000000080b00000| Untracked 
|  12|0x0000000080c00000, 0x0000000080d00000, 0x0000000080d00000|100%| O|  |TAMS 0x0000000080c00000| PB 0x0000000080c00000| Untracked 
|  13|0x0000000080d00000, 0x0000000080e00000, 0x0000000080e00000|100%| O|  |TAMS 0x0000000080d00000| PB 0x0000000080d00000| Untracked 
|  14|0x0000000080e00000, 0x0000000080f00000, 0x0000000080f00000|100%| O|  |TAMS 0x0000000080e00000| PB 0x0000000080e00000| Untracked 
|  15|0x0000000080f00000, 0x0000000081000000, 0x0000000081000000|100%| O|  |TAMS 0x0000000080f00000| PB 0x0000000080f00000| Untracked 
|  16|0x0000000081000000, 0x0000000081100000, 0x0000000081100000|100%| O|  |TAMS 0x0000000081000000| PB 0x0000000081000000| Untracked 
|  17|0x0000000081100000, 0x0000000081200000, 0x0000000081200000|100%| O|  |TAMS 0x0000000081100000| PB 0x0000000081100000| Untracked 
|  18|0x0000000081200000, 0x0000000081300000, 0x0000000081300000|100%| O|  |TAMS 0x0000000081200000| PB 0x0000000081200000| Untracked 
|  19|0x0000000081300000, 0x0000000081400000, 0x0000000081400000|100%| O|  |TAMS 0x0000000081300000| PB 0x0000000081300000| Untracked 
|  20|0x0000000081400000, 0x0000000081400000, 0x0000000081500000|  0%| F|  |TAMS 0x0000000081400000| PB 0x0000000081400000| Untracked 
|  21|0x0000000081500000, 0x0000000081500000, 0x0000000081600000|  0%| F|  |TAMS 0x0000000081500000| PB 0x0000000081500000| Untracked 
|  22|0x0000000081600000, 0x0000000081600000, 0x0000000081700000|  0%| F|  |TAMS 0x0000000081600000| PB 0x0000000081600000| Untracked 
|  23|0x0000000081700000, 0x0000000081700000, 0x0000000081800000|  0%| F|  |TAMS 0x0000000081700000| PB 0x0000000081700000| Untracked 
|  24|0x0000000081800000, 0x0000000081800000, 0x0000000081900000|  0%| F|  |TAMS 0x0000000081800000| PB 0x0000000081800000| Untracked 
|  25|0x0000000081900000, 0x0000000081900000, 0x0000000081a00000|  0%| F|  |TAMS 0x0000000081900000| PB 0x0000000081900000| Untracked 
|  26|0x0000000081a00000, 0x0000000081a00000, 0x0000000081b00000|  0%| F|  |TAMS 0x0000000081a00000| PB 0x0000000081a00000| Untracked 
|  27|0x0000000081b00000, 0x0000000081b00000, 0x0000000081c00000|  0%| F|  |TAMS 0x0000000081b00000| PB 0x0000000081b00000| Untracked 
|  28|0x0000000081c00000, 0x0000000081c00000, 0x0000000081d00000|  0%| F|  |TAMS 0x0000000081c00000| PB 0x0000000081c00000| Untracked 
|  29|0x0000000081d00000, 0x0000000081d00000, 0x0000000081e00000|  0%| F|  |TAMS 0x0000000081d00000| PB 0x0000000081d00000| Untracked 
|  30|0x0000000081e00000, 0x0000000081e3f8a0, 0x0000000081f00000| 24%| S|CS|TAMS 0x0000000081e00000| PB 0x0000000081e00000| Complete 
|  31|0x0000000081f00000, 0x0000000082000000, 0x0000000082000000|100%| S|CS|TAMS 0x0000000081f00000| PB 0x0000000081f00000| Complete 
|  32|0x0000000082000000, 0x0000000082100000, 0x0000000082100000|100%| S|CS|TAMS 0x0000000082000000| PB 0x0000000082000000| Complete 
|  33|0x0000000082100000, 0x0000000082200000, 0x0000000082200000|100%| S|CS|TAMS 0x0000000082100000| PB 0x0000000082100000| Complete 
|  34|0x0000000082200000, 0x0000000082300000, 0x0000000082300000|100%| S|CS|TAMS 0x0000000082200000| PB 0x0000000082200000| Complete 
|  35|0x0000000082300000, 0x0000000082300000, 0x0000000082400000|  0%| F|  |TAMS 0x0000000082300000| PB 0x0000000082300000| Untracked 
|  36|0x0000000082400000, 0x0000000082400000, 0x0000000082500000|  0%| F|  |TAMS 0x0000000082400000| PB 0x0000000082400000| Untracked 
|  37|0x0000000082500000, 0x0000000082500000, 0x0000000082600000|  0%| F|  |TAMS 0x0000000082500000| PB 0x0000000082500000| Untracked 
|  38|0x0000000082600000, 0x0000000082600000, 0x0000000082700000|  0%| F|  |TAMS 0x0000000082600000| PB 0x0000000082600000| Untracked 
|  39|0x0000000082700000, 0x0000000082700000, 0x0000000082800000|  0%| F|  |TAMS 0x0000000082700000| PB 0x0000000082700000| Untracked 
|  40|0x0000000082800000, 0x0000000082800000, 0x0000000082900000|  0%| F|  |TAMS 0x0000000082800000| PB 0x0000000082800000| Untracked 
|  41|0x0000000082900000, 0x0000000082900000, 0x0000000082a00000|  0%| F|  |TAMS 0x0000000082900000| PB 0x0000000082900000| Untracked 
|  42|0x0000000082a00000, 0x0000000082a00000, 0x0000000082b00000|  0%| F|  |TAMS 0x0000000082a00000| PB 0x0000000082a00000| Untracked 
|  43|0x0000000082b00000, 0x0000000082b00000, 0x0000000082c00000|  0%| F|  |TAMS 0x0000000082b00000| PB 0x0000000082b00000| Untracked 
|  44|0x0000000082c00000, 0x0000000082c00000, 0x0000000082d00000|  0%| F|  |TAMS 0x0000000082c00000| PB 0x0000000082c00000| Untracked 
|  45|0x0000000082d00000, 0x0000000082d00000, 0x0000000082e00000|  0%| F|  |TAMS 0x0000000082d00000| PB 0x0000000082d00000| Untracked 
|  46|0x0000000082e00000, 0x0000000082e00000, 0x0000000082f00000|  0%| F|  |TAMS 0x0000000082e00000| PB 0x0000000082e00000| Untracked 
|  47|0x0000000082f00000, 0x0000000082f00000, 0x0000000083000000|  0%| F|  |TAMS 0x0000000082f00000| PB 0x0000000082f00000| Untracked 
|  48|0x0000000083000000, 0x0000000083066c50, 0x0000000083100000| 40%| E|  |TAMS 0x0000000083000000| PB 0x0000000083000000| Complete 
|  49|0x0000000083100000, 0x0000000083200000, 0x0000000083200000|100%| E|CS|TAMS 0x0000000083100000| PB 0x0000000083100000| Complete 
|  50|0x0000000083200000, 0x0000000083300000, 0x0000000083300000|100%| E|CS|TAMS 0x0000000083200000| PB 0x0000000083200000| Complete 
|  51|0x0000000083300000, 0x0000000083400000, 0x0000000083400000|100%| E|CS|TAMS 0x0000000083300000| PB 0x0000000083300000| Complete 
|  52|0x0000000083400000, 0x0000000083500000, 0x0000000083500000|100%| E|CS|TAMS 0x0000000083400000| PB 0x0000000083400000| Complete 
|  53|0x0000000083500000, 0x0000000083600000, 0x0000000083600000|100%| E|CS|TAMS 0x0000000083500000| PB 0x0000000083500000| Complete 
|  54|0x0000000083600000, 0x0000000083700000, 0x0000000083700000|100%| E|CS|TAMS 0x0000000083600000| PB 0x0000000083600000| Complete 
|  55|0x0000000083700000, 0x0000000083800000, 0x0000000083800000|100%| E|CS|TAMS 0x0000000083700000| PB 0x0000000083700000| Complete 
|  56|0x0000000083800000, 0x0000000083900000, 0x0000000083900000|100%| E|CS|TAMS 0x0000000083800000| PB 0x0000000083800000| Complete 
|  65|0x0000000084100000, 0x0000000084200000, 0x0000000084200000|100%| E|CS|TAMS 0x0000000084100000| PB 0x0000000084100000| Complete 
|  66|0x0000000084200000, 0x0000000084300000, 0x0000000084300000|100%| E|CS|TAMS 0x0000000084200000| PB 0x0000000084200000| Complete 
|  67|0x0000000084300000, 0x0000000084400000, 0x0000000084400000|100%| E|CS|TAMS 0x0000000084300000| PB 0x0000000084300000| Complete 
|  68|0x0000000084400000, 0x0000000084500000, 0x0000000084500000|100%| E|CS|TAMS 0x0000000084400000| PB 0x0000000084400000| Complete 
|  69|0x0000000084500000, 0x0000000084600000, 0x0000000084600000|100%| E|CS|TAMS 0x0000000084500000| PB 0x0000000084500000| Complete 
|  70|0x0000000084600000, 0x0000000084700000, 0x0000000084700000|100%| E|CS|TAMS 0x0000000084600000| PB 0x0000000084600000| Complete 
|  71|0x0000000084700000, 0x0000000084800000, 0x0000000084800000|100%| E|CS|TAMS 0x0000000084700000| PB 0x0000000084700000| Complete 
|  72|0x0000000084800000, 0x0000000084900000, 0x0000000084900000|100%| E|CS|TAMS 0x0000000084800000| PB 0x0000000084800000| Complete 
|  73|0x0000000084900000, 0x0000000084a00000, 0x0000000084a00000|100%| E|CS|TAMS 0x0000000084900000| PB 0x0000000084900000| Complete 
| 117|0x0000000087500000, 0x0000000087600000, 0x0000000087600000|100%| E|CS|TAMS 0x0000000087500000| PB 0x0000000087500000| Complete 

Card table byte_map: [0x00000158b18b0000,0x00000158b1cb0000] _byte_map_base: 0x00000158b14b0000

Marking Bits: (CMBitMap*) 0x000001589ccbe670
 Bits: [0x00000158b1cb0000, 0x00000158b3cb0000)

Polling page: 0x000001589ce30000

Metaspace:

Usage:
  Non-class:     28.73 MB used.
      Class:      4.45 MB used.
       Both:     33.18 MB used.

Virtual space:
  Non-class space:       64.00 MB reserved,      29.19 MB ( 46%) committed,  1 nodes.
      Class space:        1.00 GB reserved,       4.88 MB ( <1%) committed,  1 nodes.
             Both:        1.06 GB reserved,      34.06 MB (  3%) committed. 

Chunk freelists:
   Non-Class:  2.71 MB
       Class:  11.18 MB
        Both:  13.89 MB

MaxMetaspaceSize: unlimited
CompressedClassSpaceSize: 1.00 GB
Initial GC threshold: 21.00 MB
Current GC threshold: 35.12 MB
CDS: off
 - commit_granule_bytes: 65536.
 - commit_granule_words: 8192.
 - virtual_space_node_default_size: 8388608.
 - enlarge_chunks_in_place: 1.
 - use_allocation_guard: 0.


Internal statistics:

num_allocs_failed_limit: 3.
num_arena_births: 1372.
num_arena_deaths: 0.
num_vsnodes_births: 2.
num_vsnodes_deaths: 0.
num_space_committed: 545.
num_space_uncommitted: 0.
num_chunks_returned_to_freelist: 3.
num_chunks_taken_from_freelist: 2423.
num_chunk_merges: 3.
num_chunk_splits: 1573.
num_chunks_enlarged: 1023.
num_inconsistent_stats: 0.

CodeHeap 'non-profiled nmethods': size=120000Kb used=1663Kb max_used=1663Kb free=118336Kb
 bounds [0x00000158a9300000, 0x00000158a9570000, 0x00000158b0830000]
CodeHeap 'profiled nmethods': size=120000Kb used=6236Kb max_used=6236Kb free=113764Kb
 bounds [0x00000158a1830000, 0x00000158a1e50000, 0x00000158a8d60000]
CodeHeap 'non-nmethods': size=5760Kb used=1527Kb max_used=1541Kb free=4232Kb
 bounds [0x00000158a8d60000, 0x00000158a8fd0000, 0x00000158a9300000]
 total_blobs=3685 nmethods=3109 adapters=478
 compilation: enabled
              stopped_count=0, restarted_count=0
 full_count=0

Compilation events (20 events):
Event: 4.066 Thread 0x00000158b6bbbfa0 3103       3       java.lang.invoke.BoundMethodHandle::rebind (14 bytes)
Event: 4.066 Thread 0x00000158b6bbbfa0 nmethod 3103 0x00000158a1e41210 code [0x00000158a1e41400, 0x00000158a1e41948]
Event: 4.087 Thread 0x00000158b6bbbfa0 3107       3       java.io.File::getName (42 bytes)
Event: 4.088 Thread 0x00000158b6bbbfa0 nmethod 3107 0x00000158a1e41b10 code [0x00000158a1e41d60, 0x00000158a1e42588]
Event: 4.093 Thread 0x00000158b6bbbfa0 3109       3       java.io.DataInputStream::readByte (6 bytes)
Event: 4.093 Thread 0x00000158b6bbbfa0 nmethod 3109 0x00000158a1e42910 code [0x00000158a1e42ae0, 0x00000158a1e42e20]
Event: 4.104 Thread 0x00000158b6bbbfa0 3111       3       jdk.internal.reflect.ReflectionFactory::newConstructorAccessor (144 bytes)
Event: 4.105 Thread 0x00000158b6bbbfa0 nmethod 3111 0x00000158a1e42f90 code [0x00000158a1e431c0, 0x00000158a1e43820]
Event: 4.105 Thread 0x00000158b6bbbfa0 3112   !   3       jdk.internal.reflect.MethodHandleAccessorFactory::newConstructorAccessor (84 bytes)
Event: 4.106 Thread 0x00000158b6bbbfa0 nmethod 3112 0x00000158a1e43b10 code [0x00000158a1e43e80, 0x00000158a1e45278]
Event: 4.106 Thread 0x00000158b6bbbfa0 3113       3       jdk.internal.reflect.ConstructorAccessorImpl::<init> (5 bytes)
Event: 4.107 Thread 0x00000158b6bbbfa0 nmethod 3113 0x00000158a1e45b90 code [0x00000158a1e45d40, 0x00000158a1e45f08]
Event: 4.131 Thread 0x00000158b6bbbfa0 3114       1       org.gradle.internal.event.DefaultListenerManager::access$100 (5 bytes)
Event: 4.131 Thread 0x00000158b6bbbfa0 nmethod 3114 0x00000158a949e290 code [0x00000158a949e420, 0x00000158a949e4d0]
Event: 4.145 Thread 0x00000158b6bbbfa0 3116       3       com.google.common.cache.LongAdder::<init> (5 bytes)
Event: 4.145 Thread 0x00000158b6bbbfa0 nmethod 3116 0x00000158a1e46010 code [0x00000158a1e461c0, 0x00000158a1e463e8]
Event: 4.145 Thread 0x00000158b6bbbfa0 3115       1       com.google.common.cache.CacheBuilder::getStatsCounterSupplier (5 bytes)
Event: 4.145 Thread 0x00000158b6bbbfa0 nmethod 3115 0x00000158a949e590 code [0x00000158a949e720, 0x00000158a949e7e8]
Event: 4.225 Thread 0x00000158b6bbbfa0 3117       1       jdk.internal.event.ThreadSleepEvent::isEnabled (2 bytes)
Event: 4.225 Thread 0x00000158b6bbbfa0 nmethod 3117 0x00000158a949e890 code [0x00000158a949ea20, 0x00000158a949eae8]

GC Heap History (10 events):
Event: 0.886 GC heap before
{Heap before GC invocations=0 (full 0):
 garbage-first heap   total 120832K, used 26624K [0x0000000080000000, 0x0000000100000000)
  region size 1024K, 23 young (23552K), 0 survivors (0K)
 Metaspace       used 10800K, committed 11008K, reserved 1114112K
  class space    used 1123K, committed 1216K, reserved 1048576K
}
Event: 0.895 GC heap after
{Heap after GC invocations=1 (full 0):
 garbage-first heap   total 120832K, used 10640K [0x0000000080000000, 0x0000000100000000)
  region size 1024K, 3 young (3072K), 3 survivors (3072K)
 Metaspace       used 10800K, committed 11008K, reserved 1114112K
  class space    used 1123K, committed 1216K, reserved 1048576K
}
Event: 1.358 GC heap before
{Heap before GC invocations=1 (full 0):
 garbage-first heap   total 120832K, used 39312K [0x0000000080000000, 0x0000000100000000)
  region size 1024K, 31 young (31744K), 3 survivors (3072K)
 Metaspace       used 11871K, committed 11968K, reserved 1114112K
  class space    used 1238K, committed 1280K, reserved 1048576K
}
Event: 1.363 GC heap after
{Heap after GC invocations=2 (full 0):
 garbage-first heap   total 120832K, used 11531K [0x0000000080000000, 0x0000000100000000)
  region size 1024K, 1 young (1024K), 1 survivors (1024K)
 Metaspace       used 11871K, committed 11968K, reserved 1114112K
  class space    used 1238K, committed 1280K, reserved 1048576K
}
Event: 2.227 GC heap before
{Heap before GC invocations=2 (full 0):
 garbage-first heap   total 120832K, used 54539K [0x0000000080000000, 0x0000000100000000)
  region size 1024K, 44 young (45056K), 1 survivors (1024K)
 Metaspace       used 21188K, committed 21504K, reserved 1114112K
  class space    used 2442K, committed 2624K, reserved 1048576K
}
Event: 2.234 GC heap after
{Heap after GC invocations=3 (full 0):
 garbage-first heap   total 120832K, used 19611K [0x0000000080000000, 0x0000000100000000)
  region size 1024K, 9 young (9216K), 9 survivors (9216K)
 Metaspace       used 21188K, committed 21504K, reserved 1114112K
  class space    used 2442K, committed 2624K, reserved 1048576K
}
Event: 2.942 GC heap before
{Heap before GC invocations=4 (full 0):
 garbage-first heap   total 68608K, used 50331K [0x0000000080000000, 0x0000000100000000)
  region size 1024K, 40 young (40960K), 9 survivors (9216K)
 Metaspace       used 26565K, committed 27072K, reserved 1114112K
  class space    used 3299K, committed 3520K, reserved 1048576K
}
Event: 2.948 GC heap after
{Heap after GC invocations=5 (full 0):
 garbage-first heap   total 68608K, used 21118K [0x0000000080000000, 0x0000000100000000)
  region size 1024K, 2 young (2048K), 2 survivors (2048K)
 Metaspace       used 26565K, committed 27072K, reserved 1114112K
  class space    used 3299K, committed 3520K, reserved 1048576K
}
Event: 3.663 GC heap before
{Heap before GC invocations=5 (full 0):
 garbage-first heap   total 68608K, used 53886K [0x0000000080000000, 0x0000000100000000)
  region size 1024K, 34 young (34816K), 2 survivors (2048K)
 Metaspace       used 31375K, committed 32128K, reserved 1114112K
  class space    used 4123K, committed 4480K, reserved 1048576K
}
Event: 3.668 GC heap after
{Heap after GC invocations=6 (full 0):
 garbage-first heap   total 68608K, used 23806K [0x0000000080000000, 0x0000000100000000)
  region size 1024K, 5 young (5120K), 5 survivors (5120K)
 Metaspace       used 31375K, committed 32128K, reserved 1114112K
  class space    used 4123K, committed 4480K, reserved 1048576K
}

Dll operation events (3 events):
Event: 0.011 Loaded shared library C:\Program Files\Android\Android Studio\jbr\bin\java.dll
Event: 0.017 Loaded shared library C:\Program Files\Android\Android Studio\jbr\bin\zip.dll
Event: 0.477 Loaded shared library C:\Program Files\Android\Android Studio\jbr\bin\verify.dll

Deoptimization events (20 events):
Event: 3.470 Thread 0x00000158bc798ce0 DEOPT PACKING pc=0x00000158a93aa430 sp=0x00000001f18f9b00
Event: 3.470 Thread 0x00000158bc798ce0 DEOPT UNPACKING pc=0x00000158a8db46a2 sp=0x00000001f18f9a60 mode 2
Event: 3.624 Thread 0x00000158bc798ce0 Uncommon trap: trap_request=0xffffff45 fr.pc=0x00000158a943740c relative=0x0000000000000cec
Event: 3.624 Thread 0x00000158bc798ce0 Uncommon trap: reason=unstable_if action=reinterpret pc=0x00000158a943740c method=jdk.internal.org.objectweb.asm.SymbolTable.addType(Ljava/lang/String;)I @ 33 c2
Event: 3.624 Thread 0x00000158bc798ce0 DEOPT PACKING pc=0x00000158a943740c sp=0x00000001f18fbbf0
Event: 3.624 Thread 0x00000158bc798ce0 DEOPT UNPACKING pc=0x00000158a8db46a2 sp=0x00000001f18fbb28 mode 2
Event: 3.624 Thread 0x00000158bc798ce0 Uncommon trap: trap_request=0xffffff45 fr.pc=0x00000158a9419088 relative=0x00000000000003a8
Event: 3.624 Thread 0x00000158bc798ce0 Uncommon trap: reason=unstable_if action=reinterpret pc=0x00000158a9419088 method=jdk.internal.org.objectweb.asm.SymbolTable.addType(Ljava/lang/String;)I @ 33 c2
Event: 3.624 Thread 0x00000158bc798ce0 DEOPT PACKING pc=0x00000158a9419088 sp=0x00000001f18fbcd0
Event: 3.624 Thread 0x00000158bc798ce0 DEOPT UNPACKING pc=0x00000158a8db46a2 sp=0x00000001f18fbc58 mode 2
Event: 3.629 Thread 0x00000158bc798ce0 DEOPT PACKING pc=0x00000158a1dce3f6 sp=0x00000001f18f5fd0
Event: 3.629 Thread 0x00000158bc798ce0 DEOPT UNPACKING pc=0x00000158a8db4e42 sp=0x00000001f18f5420 mode 0
Event: 3.690 Thread 0x00000158bc798ce0 Uncommon trap: trap_request=0xffffff76 fr.pc=0x00000158a9484084 relative=0x00000000000001c4
Event: 3.690 Thread 0x00000158bc798ce0 Uncommon trap: reason=predicate action=maybe_recompile pc=0x00000158a9484084 method=com.google.common.base.CharMatcher.indexIn(Ljava/lang/CharSequence;I)I @ 19 c2
Event: 3.690 Thread 0x00000158bc798ce0 DEOPT PACKING pc=0x00000158a9484084 sp=0x00000001f18fae90
Event: 3.690 Thread 0x00000158bc798ce0 DEOPT UNPACKING pc=0x00000158a8db46a2 sp=0x00000001f18fae20 mode 2
Event: 3.773 Thread 0x00000158bc798ce0 Uncommon trap: trap_request=0xffffff45 fr.pc=0x00000158a938dcd0 relative=0x00000000000005d0
Event: 3.773 Thread 0x00000158bc798ce0 Uncommon trap: reason=unstable_if action=reinterpret pc=0x00000158a938dcd0 method=java.util.Properties$LineReader.readLine()I @ 95 c2
Event: 3.773 Thread 0x00000158bc798ce0 DEOPT PACKING pc=0x00000158a938dcd0 sp=0x00000001f18fb000
Event: 3.773 Thread 0x00000158bc798ce0 DEOPT UNPACKING pc=0x00000158a8db46a2 sp=0x00000001f18fafb0 mode 2

Classes loaded (20 events):
Event: 3.193 Loading class org/xml/sax/SAXException
Event: 3.193 Loading class org/xml/sax/SAXException done
Event: 3.193 Loading class javax/xml/xpath/XPathExpressionException
Event: 3.193 Loading class javax/xml/xpath/XPathException
Event: 3.193 Loading class javax/xml/xpath/XPathException done
Event: 3.193 Loading class javax/xml/xpath/XPathExpressionException done
Event: 3.193 Loading class org/xml/sax/ErrorHandler
Event: 3.193 Loading class org/xml/sax/ErrorHandler done
Event: 3.657 Loading class java/util/function/UnaryOperator
Event: 3.658 Loading class java/util/function/UnaryOperator done
Event: 3.685 Loading class java/util/concurrent/TimeoutException
Event: 3.685 Loading class java/util/concurrent/TimeoutException done
Event: 3.685 Loading class java/util/concurrent/CancellationException
Event: 3.685 Loading class java/util/concurrent/CancellationException done
Event: 3.714 Loading class java/util/concurrent/locks/AbstractQueuedSynchronizer$SharedNode
Event: 3.714 Loading class java/util/concurrent/locks/AbstractQueuedSynchronizer$SharedNode done
Event: 3.719 Loading class java/io/InterruptedIOException
Event: 3.719 Loading class java/io/InterruptedIOException done
Event: 3.730 Loading class java/util/ArrayDeque$DeqSpliterator
Event: 3.730 Loading class java/util/ArrayDeque$DeqSpliterator done

Classes unloaded (0 events):
No events

Classes redefined (0 events):
No events

Internal exceptions (20 events):
Event: 3.057 Thread 0x00000158bc798ce0 Exception <a 'java/lang/NoSuchMethodError'{0x00000000845ce568}: 'java.lang.Object java.lang.invoke.DirectMethodHandle$Holder.invokeSpecial(java.lang.Object, java.lang.Object, java.lang.Object, java.lang.Object, java.lang.Object, java.lang.Object, java.lang.Object, java.lang.Object, java.lang.Object, java.lang.Object, java.lang.Object, java.lang.Object, java.lang.Object, java.lang.Object, java.lang.Object, java.lang.Object, java.lang.Object, java.lang.Object, java.lang.Object, java.lang.Object, java.lang.Ob
Event: 3.057 Thread 0x00000158bc798ce0 Exception <a 'java/lang/NoSuchMethodError'{0x00000000845d3e00}: 'java.lang.Object java.lang.invoke.DelegatingMethodHandle$Holder.reinvoke_L(java.lang.Object, java.lang.Object, java.lang.Object, java.lang.Object, java.lang.Object, java.lang.Object, java.lang.Object, java.lang.Object, java.lang.Object, java.lang.Object, java.lang.Object, java.lang.Object, java.lang.Object, java.lang.Object, java.lang.Object, java.lang.Object, java.lang.Object, java.lang.Object, java.lang.Object, java.lang.Object, java.lang.O
Event: 3.065 Thread 0x00000158bc798ce0 Exception <a 'java/lang/NoSuchMethodError'{0x00000000844ad8e8}: 'int java.lang.invoke.DirectMethodHandle$Holder.invokeStatic(java.lang.Object, java.lang.Object, java.lang.Object, java.lang.Object)'> (0x00000000844ad8e8) 
thrown [s\src\hotspot\share\interpreter\linkResolver.cpp, line 784]
Event: 3.136 Thread 0x00000158bc798ce0 Exception <a 'java/lang/NoSuchMethodError'{0x0000000083815908}: 'java.lang.Object java.lang.invoke.DirectMethodHandle$Holder.invokeSpecial(java.lang.Object, java.lang.Object, java.lang.Object, java.lang.Object, java.lang.Object, java.lang.Object, java.lang.Object, java.lang.Object, java.lang.Object, java.lang.Object, java.lang.Object, java.lang.Object, java.lang.Object, java.lang.Object, java.lang.Object, java.lang.Object, java.lang.Object, java.lang.Object, java.lang.Object, java.lang.Object, java.lang.Ob
Event: 3.295 Thread 0x00000158bc798ce0 Exception <a 'java/lang/NoSuchMethodError'{0x000000008320a5b0}: 'java.lang.Object java.lang.invoke.DirectMethodHandle$Holder.newInvokeSpecial(java.lang.Object, java.lang.Object, java.lang.Object, java.lang.Object, java.lang.Object, java.lang.Object, java.lang.Object)'> (0x000000008320a5b0) 
thrown [s\src\hotspot\share\interpreter\linkResolver.cpp, line 784]
Event: 3.317 Thread 0x00000158bc798ce0 Exception <a 'java/lang/NoSuchMethodError'{0x000000008314f550}: 'java.lang.Object java.lang.invoke.DirectMethodHandle$Holder.invokeVirtual(java.lang.Object, java.lang.Object, java.lang.Object, java.lang.Object, java.lang.Object, java.lang.Object, java.lang.Object, java.lang.Object, java.lang.Object, java.lang.Object, java.lang.Object, java.lang.Object, java.lang.Object, java.lang.Object, java.lang.Object, java.lang.Object, java.lang.Object, java.lang.Object, java.lang.Object, java.lang.Object, java.lang.Ob
Event: 3.381 Thread 0x00000158bc798ce0 Exception <a 'java/lang/NoSuchMethodError'{0x0000000082fb34d8}: 'java.lang.Object java.lang.invoke.DirectMethodHandle$Holder.invokeVirtual(java.lang.Object, java.lang.Object, java.lang.Object, java.lang.Object, java.lang.Object, java.lang.Object, java.lang.Object, java.lang.Object, java.lang.Object, java.lang.Object, java.lang.Object)'> (0x0000000082fb34d8) 
thrown [s\src\hotspot\share\interpreter\linkResolver.cpp, line 784]
Event: 3.586 Thread 0x00000158bc798ce0 Exception <a 'java/lang/NoSuchMethodError'{0x00000000826237a8}: 'java.lang.Object java.lang.invoke.DirectMethodHandle$Holder.newInvokeSpecial(java.lang.Object, java.lang.Object, java.lang.Object, java.lang.Object, java.lang.Object, java.lang.Object, java.lang.Object, java.lang.Object)'> (0x00000000826237a8) 
thrown [s\src\hotspot\share\interpreter\linkResolver.cpp, line 784]
Event: 3.603 Thread 0x00000158bc798ce0 Exception <a 'java/lang/NoSuchMethodError'{0x0000000082516390}: 'java.lang.Object java.lang.invoke.DirectMethodHandle$Holder.newInvokeSpecial(java.lang.Object, java.lang.Object, java.lang.Object, java.lang.Object, java.lang.Object, java.lang.Object, java.lang.Object, java.lang.Object, java.lang.Object, java.lang.Object)'> (0x0000000082516390) 
thrown [s\src\hotspot\share\interpreter\linkResolver.cpp, line 784]
Event: 3.721 Thread 0x00000158bc798ce0 Exception <a 'java/lang/NoSuchMethodError'{0x0000000084835c48}: 'void java.lang.invoke.DirectMethodHandle$Holder.invokeStatic(java.lang.Object, java.lang.Object, java.lang.Object, java.lang.Object)'> (0x0000000084835c48) 
thrown [s\src\hotspot\share\interpreter\linkResolver.cpp, line 784]
Event: 3.724 Thread 0x00000158bc798ce0 Exception <a 'java/lang/NoSuchMethodError'{0x0000000084846fd0}: 'int java.lang.invoke.DirectMethodHandle$Holder.invokeVirtual(java.lang.Object, java.lang.Object)'> (0x0000000084846fd0) 
thrown [s\src\hotspot\share\interpreter\linkResolver.cpp, line 784]
Event: 3.726 Thread 0x00000158bc798ce0 Exception <a 'java/lang/NoSuchMethodError'{0x0000000084857b58}: 'java.lang.Object java.lang.invoke.DirectMethodHandle$Holder.invokeStaticInit(java.lang.Object, java.lang.Object, java.lang.Object)'> (0x0000000084857b58) 
thrown [s\src\hotspot\share\interpreter\linkResolver.cpp, line 784]
Event: 3.732 Thread 0x00000158bc798ce0 Exception <a 'java/lang/NoSuchMethodError'{0x00000000848a5848}: 'int java.lang.invoke.DirectMethodHandle$Holder.invokeVirtual(java.lang.Object, java.lang.Object, java.lang.Object)'> (0x00000000848a5848) 
thrown [s\src\hotspot\share\interpreter\linkResolver.cpp, line 784]
Event: 3.811 Thread 0x00000158bc798ce0 Exception <a 'java/lang/NoSuchMethodError'{0x00000000845ed478}: 'void java.lang.invoke.DirectMethodHandle$Holder.invokeInterface(java.lang.Object, java.lang.Object, java.lang.Object, java.lang.Object, java.lang.Object)'> (0x00000000845ed478) 
thrown [s\src\hotspot\share\interpreter\linkResolver.cpp, line 784]
Event: 3.912 Thread 0x00000158bc798ce0 Exception <a 'java/lang/NoSuchMethodError'{0x00000000841b7cd0}: 'java.lang.Object java.lang.invoke.DirectMethodHandle$Holder.invokeVirtual(java.lang.Object, java.lang.Object, java.lang.Object, java.lang.Object, java.lang.Object, java.lang.Object, java.lang.Object, java.lang.Object, java.lang.Object, java.lang.Object, java.lang.Object, java.lang.Object, java.lang.Object)'> (0x00000000841b7cd0) 
thrown [s\src\hotspot\share\interpreter\linkResolver.cpp, line 784]
Event: 3.913 Thread 0x00000158bc798ce0 Exception <a 'java/lang/NoSuchMethodError'{0x00000000841bd798}: 'java.lang.Object java.lang.invoke.DirectMethodHandle$Holder.invokeSpecial(java.lang.Object, java.lang.Object, java.lang.Object, java.lang.Object, java.lang.Object, java.lang.Object, java.lang.Object, java.lang.Object, java.lang.Object, java.lang.Object, java.lang.Object, java.lang.Object, java.lang.Object, java.lang.Object)'> (0x00000000841bd798) 
thrown [s\src\hotspot\share\interpreter\linkResolver.cpp, line 784]
Event: 3.914 Thread 0x00000158bc798ce0 Exception <a 'java/lang/NoSuchMethodError'{0x00000000841c2a58}: 'java.lang.Object java.lang.invoke.DelegatingMethodHandle$Holder.reinvoke_L(java.lang.Object, java.lang.Object, java.lang.Object, java.lang.Object, java.lang.Object, java.lang.Object, java.lang.Object, java.lang.Object, java.lang.Object, java.lang.Object, java.lang.Object, java.lang.Object, java.lang.Object)'> (0x00000000841c2a58) 
thrown [s\src\hotspot\share\interpreter\linkResolver.cpp, line 784]
Event: 4.053 Thread 0x00000158bc798ce0 Exception <a 'java/lang/NoSuchMethodError'{0x0000000083408450}: 'java.lang.Object java.lang.invoke.DirectMethodHandle$Holder.invokeSpecialIFC(java.lang.Object, java.lang.Object, java.lang.Object, java.lang.Object)'> (0x0000000083408450) 
thrown [s\src\hotspot\share\interpreter\linkResolver.cpp, line 784]
Event: 4.078 Thread 0x00000158bc798ce0 Exception <a 'java/lang/NoSuchMethodError'{0x000000008331d600}: 'java.lang.Object java.lang.invoke.DirectMethodHandle$Holder.newInvokeSpecial(java.lang.Object, java.lang.Object, java.lang.Object, java.lang.Object, java.lang.Object, java.lang.Object, java.lang.Object, java.lang.Object, java.lang.Object, java.lang.Object, java.lang.Object)'> (0x000000008331d600) 
thrown [s\src\hotspot\share\interpreter\linkResolver.cpp, line 784]
Event: 4.103 Thread 0x00000158bc798ce0 Exception <a 'java/lang/NoSuchMethodError'{0x0000000083278250}: 'java.lang.Object java.lang.invoke.DirectMethodHandle$Holder.invokeStaticInit(java.lang.Object, java.lang.Object, java.lang.Object, java.lang.Object)'> (0x0000000083278250) 
thrown [s\src\hotspot\share\interpreter\linkResolver.cpp, line 784]

ZGC Phase Switch (0 events):
No events

VM Operations (20 events):
Event: 2.234 Executing VM operation: CollectForMetadataAllocation (Metadata GC Threshold) done
Event: 2.238 Executing VM operation: G1PauseRemark
Event: 2.252 Executing VM operation: G1PauseRemark done
Event: 2.253 Executing VM operation: G1PauseCleanup
Event: 2.258 Executing VM operation: G1PauseCleanup done
Event: 2.436 Executing VM operation: HandshakeAllThreads (Deoptimize)
Event: 2.436 Executing VM operation: HandshakeAllThreads (Deoptimize) done
Event: 2.641 Executing VM operation: HandshakeAllThreads (Deoptimize)
Event: 2.641 Executing VM operation: HandshakeAllThreads (Deoptimize) done
Event: 2.754 Executing VM operation: HandshakeAllThreads (Deoptimize)
Event: 2.754 Executing VM operation: HandshakeAllThreads (Deoptimize) done
Event: 2.755 Executing VM operation: HandshakeAllThreads (Deoptimize)
Event: 2.755 Executing VM operation: HandshakeAllThreads (Deoptimize) done
Event: 2.942 Executing VM operation: G1CollectForAllocation (G1 Evacuation Pause)
Event: 2.948 Executing VM operation: G1CollectForAllocation (G1 Evacuation Pause) done
Event: 3.663 Executing VM operation: G1CollectForAllocation (G1 Evacuation Pause)
Event: 3.668 Executing VM operation: G1CollectForAllocation (G1 Evacuation Pause) done
Event: 3.777 Executing VM operation: HandshakeAllThreads (Deoptimize)
Event: 3.777 Executing VM operation: HandshakeAllThreads (Deoptimize) done
Event: 4.767 Executing VM operation: Cleanup

Memory protections (0 events):
No events

Nmethod flushes (0 events):
No events

Events (20 events):
Event: 1.678 Loaded shared library C:\Program Files\Android\Android Studio\jbr\bin\management_ext.dll
Event: 1.708 Thread 0x000001589e69f100 Thread added: 0x00000158bc196950
Event: 1.899 Loaded shared library C:\Program Files\Android\Android Studio\jbr\bin\extnet.dll
Event: 1.944 Thread 0x000001589e69f100 Thread added: 0x00000158bcad0150
Event: 2.023 Thread 0x000001589e69f100 Thread added: 0x00000158bcce6e40
Event: 2.091 Thread 0x00000158bcad0150 Thread added: 0x00000158bcd84830
Event: 2.095 Thread 0x00000158bcd84830 Thread added: 0x00000158bc46f780
Event: 2.127 Thread 0x00000158bcd84830 Thread added: 0x00000158bc8672e0
Event: 2.134 Thread 0x00000158bcd84830 Thread added: 0x00000158bc798ce0
Event: 2.143 Thread 0x00000158bc798ce0 Thread added: 0x00000158bcd57b70
Event: 2.147 Thread 0x00000158bc798ce0 Thread added: 0x00000158bcd58f20
Event: 2.152 Thread 0x00000158bc798ce0 Thread added: 0x00000158bcd5a2d0
Event: 2.641 Thread 0x00000158bc798ce0 Thread added: 0x00000158bcd58890
Event: 2.652 Thread 0x00000158bc798ce0 Thread added: 0x00000158bcd56e50
Event: 2.973 Thread 0x00000158bc798ce0 Thread added: 0x00000158bcd59c40
Event: 3.714 Thread 0x00000158bc798ce0 Thread added: 0x00000158bcd58200
Event: 3.722 Thread 0x00000158bc798ce0 Thread added: 0x00000158bcd574e0
Event: 4.042 Thread 0x00000158bc798ce0 Thread added: 0x00000158bf7a3f90
Event: 4.091 Thread 0x00000158bc798ce0 Thread added: 0x00000158bf7a5340
Event: 4.145 Thread 0x00000158bc798ce0 Thread added: 0x00000158bf7a6060


Dynamic libraries:
0x00007ff634140000 - 0x00007ff63414a000 	C:\Program Files\Android\Android Studio\jbr\bin\java.exe
0x00007ffb8c560000 - 0x00007ffb8c7c3000 	C:\WINDOWS\SYSTEM32\ntdll.dll
0x00007ffb8b180000 - 0x00007ffb8b247000 	C:\WINDOWS\System32\KERNEL32.DLL
0x00007ffb89900000 - 0x00007ffb89cc9000 	C:\WINDOWS\System32\KERNELBASE.dll
0x00007ffb89e10000 - 0x00007ffb89f5c000 	C:\WINDOWS\System32\ucrtbase.dll
0x00007ffb7f640000 - 0x00007ffb7f65b000 	C:\Program Files\Android\Android Studio\jbr\bin\VCRUNTIME140.dll
0x00007ffb83490000 - 0x00007ffb834a8000 	C:\Program Files\Android\Android Studio\jbr\bin\jli.dll
0x00007ffb8bc60000 - 0x00007ffb8be2a000 	C:\WINDOWS\System32\USER32.dll
0x00007ffb888d0000 - 0x00007ffb88b60000 	C:\WINDOWS\WinSxS\amd64_microsoft.windows.common-controls_6595b64144ccf1df_6.0.26100.3323_none_3e088096e3344490\COMCTL32.dll
0x00007ffb89820000 - 0x00007ffb89847000 	C:\WINDOWS\System32\win32u.dll
0x00007ffb8b390000 - 0x00007ffb8b439000 	C:\WINDOWS\System32\msvcrt.dll
0x00007ffb8c0c0000 - 0x00007ffb8c0ea000 	C:\WINDOWS\System32\GDI32.dll
0x00007ffb89cd0000 - 0x00007ffb89e01000 	C:\WINDOWS\System32\gdi32full.dll
0x00007ffb89850000 - 0x00007ffb898f3000 	C:\WINDOWS\System32\msvcp_win.dll
0x00007ffb8aaa0000 - 0x00007ffb8aacf000 	C:\WINDOWS\System32\IMM32.DLL
0x00007ffb851d0000 - 0x00007ffb851dc000 	C:\Program Files\Android\Android Studio\jbr\bin\vcruntime140_1.dll
0x00007ffb79050000 - 0x00007ffb790dd000 	C:\Program Files\Android\Android Studio\jbr\bin\msvcp140.dll
0x00007ffb0d490000 - 0x00007ffb0e113000 	C:\Program Files\Android\Android Studio\jbr\bin\server\jvm.dll
0x00007ffb8ac40000 - 0x00007ffb8acf2000 	C:\WINDOWS\System32\ADVAPI32.dll
0x00007ffb8c250000 - 0x00007ffb8c2f6000 	C:\WINDOWS\System32\sechost.dll
0x00007ffb8c300000 - 0x00007ffb8c416000 	C:\WINDOWS\System32\RPCRT4.dll
0x00007ffb8b250000 - 0x00007ffb8b2c4000 	C:\WINDOWS\System32\WS2_32.dll
0x00007ffb88fd0000 - 0x00007ffb8901e000 	C:\WINDOWS\SYSTEM32\POWRPROF.dll
0x00007ffb818c0000 - 0x00007ffb818f6000 	C:\WINDOWS\SYSTEM32\WINMM.dll
0x00007ffb823b0000 - 0x00007ffb823bb000 	C:\WINDOWS\SYSTEM32\VERSION.dll
0x00007ffb88c70000 - 0x00007ffb88c84000 	C:\WINDOWS\SYSTEM32\UMPDC.dll
0x00007ffb87c10000 - 0x00007ffb87c2a000 	C:\WINDOWS\SYSTEM32\kernel.appcore.dll
0x00007ffb851c0000 - 0x00007ffb851ca000 	C:\Program Files\Android\Android Studio\jbr\bin\jimage.dll
0x00007ffb89030000 - 0x00007ffb89271000 	C:\WINDOWS\SYSTEM32\DBGHELP.DLL
0x00007ffb8b440000 - 0x00007ffb8b7c2000 	C:\WINDOWS\System32\combase.dll
0x00007ffb8bf70000 - 0x00007ffb8c046000 	C:\WINDOWS\System32\OLEAUT32.dll
0x00007ffb69460000 - 0x00007ffb69499000 	C:\WINDOWS\SYSTEM32\dbgcore.DLL
0x00007ffb89f60000 - 0x00007ffb89ff9000 	C:\WINDOWS\System32\bcryptPrimitives.dll
0x00007ffb78ec0000 - 0x00007ffb78ece000 	C:\Program Files\Android\Android Studio\jbr\bin\instrument.dll
0x00007ffb70490000 - 0x00007ffb704b0000 	C:\Program Files\Android\Android Studio\jbr\bin\java.dll
0x00007ffb6cf00000 - 0x00007ffb6cf18000 	C:\Program Files\Android\Android Studio\jbr\bin\zip.dll
0x00007ffb8a380000 - 0x00007ffb8aa95000 	C:\WINDOWS\System32\SHELL32.dll
0x00007ffb8a090000 - 0x00007ffb8a1f8000 	C:\WINDOWS\System32\wintypes.dll
0x00007ffb86990000 - 0x00007ffb871d5000 	C:\WINDOWS\SYSTEM32\windows.storage.dll
0x00007ffb8ab50000 - 0x00007ffb8ac3b000 	C:\WINDOWS\System32\SHCORE.dll
0x00007ffb8c060000 - 0x00007ffb8c0bd000 	C:\WINDOWS\System32\shlwapi.dll
0x00007ffb89670000 - 0x00007ffb8969f000 	C:\WINDOWS\SYSTEM32\profapi.dll
0x00007ffb7f630000 - 0x00007ffb7f640000 	C:\Program Files\Android\Android Studio\jbr\bin\net.dll
0x00007ffb81520000 - 0x00007ffb8163e000 	C:\WINDOWS\SYSTEM32\WINHTTP.dll
0x00007ffb880d0000 - 0x00007ffb8813a000 	C:\WINDOWS\system32\mswsock.dll
0x00007ffb6a280000 - 0x00007ffb6a296000 	C:\Program Files\Android\Android Studio\jbr\bin\nio.dll
0x00007ffb6e700000 - 0x00007ffb6e710000 	C:\Program Files\Android\Android Studio\jbr\bin\verify.dll
0x00007ffb79130000 - 0x00007ffb79157000 	C:\Users\erica\.gradle\native\c067742578af261105cb4f569cf0c3c89f3d7b1fecec35dd04571415982c5e48\windows-amd64\native-platform.dll
0x00007ffb29190000 - 0x00007ffb292d4000 	C:\Users\erica\.gradle\native\38dada09dfb8b06ba9b0570ebf7e218e3eb74d4ef43ca46872605cf95ebc2f47\windows-amd64\native-platform-file-events.dll
0x00007ffb70510000 - 0x00007ffb70519000 	C:\Program Files\Android\Android Studio\jbr\bin\management.dll
0x00007ffb70480000 - 0x00007ffb7048b000 	C:\Program Files\Android\Android Studio\jbr\bin\management_ext.dll
0x00007ffb8b2d0000 - 0x00007ffb8b2d8000 	C:\WINDOWS\System32\PSAPI.DLL
0x00007ffb893a0000 - 0x00007ffb893bc000 	C:\WINDOWS\SYSTEM32\CRYPTSP.dll
0x00007ffb885d0000 - 0x00007ffb8860a000 	C:\WINDOWS\system32\rsaenh.dll
0x00007ffb88140000 - 0x00007ffb8816b000 	C:\WINDOWS\SYSTEM32\USERENV.dll
0x00007ffb88f60000 - 0x00007ffb88f86000 	C:\WINDOWS\SYSTEM32\bcrypt.dll
0x00007ffb885c0000 - 0x00007ffb885cc000 	C:\WINDOWS\SYSTEM32\CRYPTBASE.dll
0x00007ffb87670000 - 0x00007ffb876a3000 	C:\WINDOWS\SYSTEM32\IPHLPAPI.DLL
0x00007ffb8c050000 - 0x00007ffb8c05a000 	C:\WINDOWS\System32\NSI.dll
0x00007ffb73500000 - 0x00007ffb73509000 	C:\Program Files\Android\Android Studio\jbr\bin\extnet.dll
0x00007ffb69450000 - 0x00007ffb69458000 	C:\WINDOWS\system32\wshunix.dll

dbghelp: loaded successfully - version: 4.0.5 - missing functions: none
symbol engine: initialized successfully - sym options: 0x614 - pdb path: .;C:\Program Files\Android\Android Studio\jbr\bin;C:\WINDOWS\SYSTEM32;C:\WINDOWS\WinSxS\amd64_microsoft.windows.common-controls_6595b64144ccf1df_6.0.26100.3323_none_3e088096e3344490;C:\Program Files\Android\Android Studio\jbr\bin\server;C:\Users\erica\.gradle\native\c067742578af261105cb4f569cf0c3c89f3d7b1fecec35dd04571415982c5e48\windows-amd64;C:\Users\erica\.gradle\native\38dada09dfb8b06ba9b0570ebf7e218e3eb74d4ef43ca46872605cf95ebc2f47\windows-amd64

VM Arguments:
jvm_args: --add-opens=java.base/java.util=ALL-UNNAMED --add-opens=java.base/java.lang=ALL-UNNAMED --add-opens=java.base/java.lang.invoke=ALL-UNNAMED --add-opens=java.prefs/java.util.prefs=ALL-UNNAMED --add-opens=java.base/java.nio.charset=ALL-UNNAMED --add-opens=java.base/java.net=ALL-UNNAMED --add-opens=java.base/java.util.concurrent.atomic=ALL-UNNAMED -Xmx2048m -Dfile.encoding=UTF-8 -Duser.country=US -Duser.language=en -Duser.variant -javaagent:C:\Users\erica\.gradle\wrapper\dists\gradle-8.5-bin\5t9huq95ubn472n8rpzujfbqh\gradle-8.5\lib\agents\gradle-instrumentation-agent-8.5.jar 
java_command: org.gradle.launcher.daemon.bootstrap.GradleDaemon 8.5
java_class_path (initial): C:\Users\erica\.gradle\wrapper\dists\gradle-8.5-bin\5t9huq95ubn472n8rpzujfbqh\gradle-8.5\lib\gradle-launcher-8.5.jar
Launcher Type: SUN_STANDARD

[Global flags]
     intx CICompilerCount                          = 4                                         {product} {ergonomic}
     uint ConcGCThreads                            = 3                                         {product} {ergonomic}
     uint G1ConcRefinementThreads                  = 10                                        {product} {ergonomic}
   size_t G1HeapRegionSize                         = 1048576                                   {product} {ergonomic}
    uintx GCDrainStackTargetSize                   = 64                                        {product} {ergonomic}
   size_t InitialHeapSize                          = 123731968                                 {product} {ergonomic}
   size_t MarkStackSize                            = 4194304                                   {product} {ergonomic}
   size_t MaxHeapSize                              = 2147483648                                {product} {command line}
   size_t MaxNewSize                               = 1287651328                                {product} {ergonomic}
   size_t MinHeapDeltaBytes                        = 1048576                                   {product} {ergonomic}
   size_t MinHeapSize                              = 8388608                                   {product} {ergonomic}
    uintx NonNMethodCodeHeapSize                   = 5839372                                {pd product} {ergonomic}
    uintx NonProfiledCodeHeapSize                  = 122909434                              {pd product} {ergonomic}
    uintx ProfiledCodeHeapSize                     = 122909434                              {pd product} {ergonomic}
    uintx ReservedCodeCacheSize                    = 251658240                              {pd product} {ergonomic}
     bool SegmentedCodeCache                       = true                                      {product} {ergonomic}
   size_t SoftMaxHeapSize                          = 2147483648                             {manageable} {ergonomic}
     bool UseCompressedOops                        = true                           {product lp64_product} {ergonomic}
     bool UseG1GC                                  = true                                      {product} {ergonomic}
     bool UseLargePagesIndividualAllocation        = false                                  {pd product} {ergonomic}

Logging:
Log output configuration:
 #0: stdout all=warning uptime,level,tags foldmultilines=false
 #1: stderr all=off uptime,level,tags foldmultilines=false

Environment Variables:
PATH=c:\Users\erica\AppData\Local\Programs\cursor\resources\app\bin;C:\Program Files\Common Files\Oracle\Java\javapath;C:\Program Files (x86)\Common Files\Oracle\Java\java8path;C:\Program Files (x86)\Common Files\Oracle\Java\javapath;C:\WINDOWS\system32;C:\WINDOWS;C:\WINDOWS\System32\Wbem;C:\WINDOWS\System32\WindowsPowerShell\v1.0\;C:\WINDOWS\System32\OpenSSH\;C:\Program Files (x86)\NVIDIA Corporation\PhysX\Common;C:\Program Files\Git\cmd;C:\Program Files\NVIDIA Corporation\NVIDIA app\NvDLISR;C:\ProgramData\ComposerSetup\bin;C:\Program Files\dotnet\;C:\T110_WBS\php;C:\T110_WBS\nodejs;C:\Users\erica\AppData\Local\Microsoft\WindowsApps;C:\Users\erica\AppData\Roaming\npm;C:\Users\erica\AppData\Roaming\Composer\vendor\bin;C:\Users\erica\AppData\Local\Muse Hub\lib;c:\Users\erica\AppData\Local\Programs\cursor\resources\app\bin;C:\Users\erica\AppData\Local\Microsoft\WindowsApps;C:\Users\erica\AppData\Local\Programs\Microsoft VS Code\bin;C:\Users\erica\AppData\Roaming\npm;C:\Users\erica\AppData\Roaming\Composer\vendor\bin;C:\Users\erica\AppData\Local\Muse Hub\lib;C:\Users\erica\AppData\Local\Programs\cursor\resources\app\bin;C:\T110_WBS\nodejs;C:\WBS_T110\php;
USERNAME=erica
OS=Windows_NT
PROCESSOR_IDENTIFIER=AMD64 Family 23 Model 96 Stepping 1, AuthenticAMD
TMP=C:\Users\erica\AppData\Local\Temp
TEMP=C:\Users\erica\AppData\Local\Temp




Periodic native trim disabled

JNI global refs:
JNI global refs: 25, weak refs: 2

JNI global refs memory usage: 835, weak refs: 833

Process memory usage:
Resident Set Size: 206928K (2% of 7730500K total physical memory with 668428K free physical memory)

OOME stack traces (most recent first):
Classloader memory used:
Loader bootstrap                                                                       : 17040K
Loader org.gradle.internal.classloader.VisitableURLClassLoader                         : 14036K
Loader org.gradle.initialization.MixInLegacyTypesClassLoader                           : 2572K
Loader jdk.internal.loader.ClassLoaders$AppClassLoader                                 : 227K
Loader jdk.internal.loader.ClassLoaders$PlatformClassLoader                            : 114K

Classes loaded by more than one classloader:
Class org.gradle.internal.classloader.FilteringClassLoader                            : loaded 2 times (x 101B)
Class org.gradle.internal.classloader.ClassLoaderHierarchy                            : loaded 2 times (x 66B)
Class org.gradle.api.internal.classpath.ManifestUtil                                  : loaded 2 times (x 67B)
Class org.gradle.internal.classloader.DefaultClassLoaderFactory                       : loaded 2 times (x 78B)
Class org.gradle.internal.classloader.ClassLoaderVisitor                              : loaded 2 times (x 72B)
Class org.gradle.api.internal.classpath.EffectiveClassPath                            : loaded 2 times (x 86B)
Class org.gradle.api.internal.DefaultClassPathProvider                                : loaded 2 times (x 72B)
Class [Lorg.gradle.api.internal.ClassPathProvider;                                    : loaded 2 times (x 65B)
Class org.gradle.api.internal.ClassPathProvider                                       : loaded 2 times (x 66B)
Class org.gradle.internal.service.UnknownServiceException                             : loaded 2 times (x 79B)
Class org.gradle.internal.classpath.TransformedClassPath                              : loaded 2 times (x 92B)
Class org.gradle.internal.service.ServiceLocator                                      : loaded 2 times (x 66B)
Class org.gradle.internal.InternalTransformer                                         : loaded 2 times (x 66B)
Class org.gradle.internal.classloader.ClasspathUtil$1                                 : loaded 2 times (x 72B)
Class org.gradle.api.internal.classpath.DefaultModuleRegistry$DefaultModule           : loaded 2 times (x 82B)
Class org.gradle.api.internal.classpath.Module                                        : loaded 2 times (x 66B)
Class org.gradle.api.internal.classpath.UnknownModuleException                        : loaded 2 times (x 78B)
Class org.gradle.cache.GlobalCache                                                    : loaded 2 times (x 66B)
Class org.gradle.api.internal.DefaultClassPathRegistry                                : loaded 2 times (x 72B)
Class org.gradle.api.internal.ClassPathRegistry                                       : loaded 2 times (x 66B)
Class org.gradle.internal.classpath.DefaultClassPath$ImmutableUniqueList              : loaded 2 times (x 195B)
Class org.gradle.internal.classpath.ClassPath                                         : loaded 2 times (x 66B)
Class org.gradle.api.UncheckedIOException                                             : loaded 2 times (x 78B)
Class org.gradle.internal.installation.GradleInstallation$1                           : loaded 2 times (x 71B)
Class org.gradle.api.internal.classpath.ModuleRegistry                                : loaded 2 times (x 66B)
Class org.gradle.api.internal.classpath.DefaultModuleRegistry                         : loaded 2 times (x 82B)
Class org.gradle.internal.service.ServiceLookupException                              : loaded 2 times (x 78B)
Class org.gradle.internal.classloader.ClassLoaderFactory                              : loaded 2 times (x 66B)
Class org.gradle.internal.service.CachingServiceLocator                               : loaded 2 times (x 78B)
Class org.gradle.internal.classloader.ClasspathUtil                                   : loaded 2 times (x 67B)
Class org.gradle.api.specs.Spec                                                       : loaded 2 times (x 66B)
Class org.gradle.internal.classloader.VisitableURLClassLoader$InstrumentingVisitableURLClassLoader: loaded 2 times (x 119B)
Class org.gradle.internal.classloader.VisitableURLClassLoader$Spec                    : loaded 2 times (x 70B)
Class org.gradle.internal.classpath.DefaultClassPath                                  : loaded 2 times (x 86B)
Class org.gradle.internal.classloader.ClassLoaderSpec                                 : loaded 2 times (x 67B)
Class org.gradle.internal.classloader.VisitableURLClassLoader                         : loaded 2 times (x 113B)
Class org.gradle.internal.Cast                                                        : loaded 2 times (x 67B)
Class org.gradle.api.Action                                                           : loaded 2 times (x 66B)
Class org.gradle.internal.agents.InstrumentingClassLoader                             : loaded 2 times (x 66B)
Class org.gradle.internal.classpath.DefaultClassPath$ImmutableUniqueList$Builder      : loaded 2 times (x 71B)
Class org.gradle.api.GradleException                                                  : loaded 2 times (x 78B)
Class org.gradle.internal.IoActions                                                   : loaded 2 times (x 67B)
Class org.gradle.internal.classloader.SystemClassLoaderSpec                           : loaded 2 times (x 67B)
Class org.gradle.internal.installation.CurrentGradleInstallationLocator               : loaded 2 times (x 67B)
Class org.gradle.internal.service.DefaultServiceLocator                               : loaded 2 times (x 79B)
Class org.gradle.internal.installation.CurrentGradleInstallation                      : loaded 2 times (x 69B)
Class org.gradle.util.internal.GUtil                                                  : loaded 2 times (x 67B)
Class org.gradle.internal.installation.GradleInstallation                             : loaded 2 times (x 71B)

---------------  S Y S T E M  ---------------

OS:
 Windows 11 , 64 bit Build 26100 (10.0.26100.3323)
OS uptime: 0 days 0:10 hours
Hyper-V role detected

CPU: total 12 (initial active 12) (12 cores per cpu, 2 threads per core) family 23 model 96 stepping 1 microcode 0x8600103, cx8, cmov, fxsr, ht, mmx, 3dnowpref, sse, sse2, sse3, ssse3, sse4a, sse4.1, sse4.2, popcnt, lzcnt, tsc, tscinvbit, avx, avx2, aes, clmul, bmi1, bmi2, adx, sha, fma, vzeroupper, clflush, clflushopt, hv, rdtscp, rdpid, f16c
Processor Information for all 12 processors :
  Max Mhz: 3000, Current Mhz: 3000, Mhz Limit: 3000

Memory: 4k page, system-wide physical 7549M (652M free)
TotalPageFile size 9388M (AvailPageFile size 21M)
current process WorkingSet (physical memory assigned to process): 203M, peak: 210M
current process commit charge ("private bytes"): 248M, peak: 258M

vm_info: OpenJDK 64-Bit Server VM (21.0.4+-12508038-b607.1) for windows-amd64 JRE (21.0.4+-12508038-b607.1), built on 2024-10-16T17:23:34Z by "builder" with MS VC++ 16.10 / 16.11 (VS2019)

END.
