#
# A fatal error has been detected by the Java Runtime Environment:
#
#  EXCEPTION_ACCESS_VIOLATION (0xc0000005) at pc=0x00007ff9ff1d29f6, pid=11556, tid=11020
#
# JRE version: OpenJDK Runtime Environment Temurin-21.0.7+6 (21.0.7+6) (build 21.0.7+6-LTS)
# Java VM: OpenJDK 64-Bit Server VM Temurin-21.0.7+6 (21.0.7+6-LTS, mixed mode, sharing, tiered, compressed oops, compressed class ptrs, parallel gc, windows-amd64)
# Problematic frame:
# V  [jvm.dll+0x1e29f6]
#
# No core dump will be written. Minidumps are not enabled by default on client versions of Windows
#
# If you would like to submit a bug report, please visit:
#   https://github.com/adoptium/adoptium-support/issues
#

---------------  S U M M A R Y ------------

Command Line: --add-modules=ALL-SYSTEM --add-opens=java.base/java.util=ALL-UNNAMED --add-opens=java.base/java.lang=ALL-UNNAMED --add-opens=java.base/sun.nio.fs=ALL-UNNAMED -Declipse.application=org.eclipse.jdt.ls.core.id1 -Dosgi.bundles.defaultStartLevel=4 -Declipse.product=org.eclipse.jdt.ls.core.product -Djava.import.generatesMetadataFilesAtProjectRoot=false -DDetectVMInstallationsJob.disabled=true -Dfile.encoding=utf8 -XX:+UseParallelGC -XX:GCTimeRatio=4 -XX:AdaptiveSizePolicyWeight=90 -Dsun.zip.disableMemoryMapping=true -Xmx1G -Xms100m -Xlog:disable -javaagent:c:\Users\erica\.vscode\extensions\redhat.java-1.42.0-win32-x64\lombok\lombok-1.18.36.jar -XX:+HeapDumpOnOutOfMemoryError -XX:HeapDumpPath=c:\Users\erica\AppData\Roaming\Code\User\workspaceStorage\c226c4d3aaca153f88d0744c7cd4e6ac\redhat.java -Daether.dependencyCollector.impl=bf c:\Users\erica\.vscode\extensions\redhat.java-1.42.0-win32-x64\server\plugins\org.eclipse.equinox.launcher_1.7.0.v20250424-1814.jar -configuration c:\Users\erica\AppData\Roaming\Code\User\globalStorage\redhat.java\1.42.0\config_win -data c:\Users\erica\AppData\Roaming\Code\User\workspaceStorage\c226c4d3aaca153f88d0744c7cd4e6ac\redhat.java\jdt_ws --pipe=\\.\pipe\lsp-66ab7d91c70a59a8f8c51bfbef3eebb6-sock

Host: AMD Ryzen 5 4600H with Radeon Graphics         , 12 cores, 15G,  Windows 11 , 64 bit Build 26100 (10.0.26100.4202)
Time: Wed Jun 25 14:37:57 2025 China Standard Time elapsed time: 57.846421 seconds (0d 0h 0m 57s)

---------------  T H R E A D  ---------------

Current thread (0x000001db78029d50):  JavaThread "C2 CompilerThread2" daemon [_thread_in_native, id=11020, stack(0x000000b56bd00000,0x000000b56be00000) (1024K)]


Current CompileTask:
C2:57846 13167       4       lombok.eclipse.EclipseAST::buildStatement (57 bytes)

Stack: [0x000000b56bd00000,0x000000b56be00000],  sp=0x000000b56bdfc8f0,  free space=1010k
Native frames: (J=compiled Java code, j=interpreted, Vv=VM code, C=native code)
V  [jvm.dll+0x1e29f6]
V  [jvm.dll+0x3b6aeb]
V  [jvm.dll+0x3b5bf5]
V  [jvm.dll+0x1dfe68]
V  [jvm.dll+0x247c42]
V  [jvm.dll+0x2470cf]
V  [jvm.dll+0x1c760e]
V  [jvm.dll+0x25695a]
V  [jvm.dll+0x254efa]
V  [jvm.dll+0x3f03f6]
V  [jvm.dll+0x851f6b]
V  [jvm.dll+0x6cc7dd]
C  [ucrtbase.dll+0x37b0]
C  [KERNEL32.DLL+0x2e8d7]
C  [ntdll.dll+0x3c34c]


siginfo: EXCEPTION_ACCESS_VIOLATION (0xc0000005), reading address 0xffffffffffffffff


Registers:
RAX=0x006a01db6ab73238, RBX=0x000001db04307b50, RCX=0x0000000000000007, RDX=0x00000000000007f5
RSP=0x000000b56bdfc8f0, RBP=0x000000b56bdfcc90, RSI=0x00000000000007f8, RDI=0x00000000000007f5
R8 =0x00000000000007f5, R9 =0x0000000000000006, R10=0xffffffffffffffff, R11=0x000000000000000a
R12=0x000001db6ade7ebc, R13=0x0000000000000016, R14=0x000000b56bdfd030, R15=0x0000000000000000
RIP=0x00007ff9ff1d29f6, EFLAGS=0x0000000000010213

XMM[0]=0x0000000000000000 0x3e471f9601208af1
XMM[1]=0x0000000000000000 0x3fda48d5ba90a817
XMM[2]=0x0000000000000000 0x3e3ed4c80180b942
XMM[3]=0x0000000000000000 0x0000000000000000
XMM[4]=0x0000000000000000 0x0000000000000000
XMM[5]=0x0000000000000000 0x0000000000000000
XMM[6]=0x0000000000000000 0x3e3ed4c80180b942
XMM[7]=0x0000000000000000 0x0000000000000000
XMM[8]=0x0000000000000000 0x0000000000000000
XMM[9]=0x0000000000000000 0x0000000000000000
XMM[10]=0x0000000000000000 0x0000000000000000
XMM[11]=0x0000000000000000 0x0000000000000000
XMM[12]=0x0000000000000000 0x0000000000000000
XMM[13]=0x0000000000000000 0x0000000000000000
XMM[14]=0x0000000000000000 0x0000000000000000
XMM[15]=0x0000000000000000 0x0000000000000000
  MXCSR=0x00001fa0


Register to memory mapping:

RAX=0x006a01db6ab73238 is an unknown value
RBX=0x000001db04307b50 points into unknown readable memory: 0x0000000000000000 | 00 00 00 00 00 00 00 00
RCX=0x0000000000000007 is an unknown value
RDX=0x00000000000007f5 is an unknown value
RSP=0x000000b56bdfc8f0 is pointing into the stack for thread: 0x000001db78029d50
RBP=0x000000b56bdfcc90 is pointing into the stack for thread: 0x000001db78029d50
RSI=0x00000000000007f8 is an unknown value
RDI=0x00000000000007f5 is an unknown value
R8 =0x00000000000007f5 is an unknown value
R9 =0x0000000000000006 is an unknown value
R10=0xffffffffffffffff is an unknown value
R11=0x000000000000000a is an unknown value
R12=0x000001db6ade7ebc points into unknown readable memory: 12 00 00 00
R13=0x0000000000000016 is an unknown value
R14=0x000000b56bdfd030 is pointing into the stack for thread: 0x000001db78029d50
R15=0x0 is null

Top of Stack: (sp=0x000000b56bdfc8f0)
0x000000b56bdfc8f0:   0000000000000012 00007ff9ffc863b0
0x000000b56bdfc900:   0000000000001219 ffffffffffffffff
0x000000b56bdfc910:   000001db044cc8c0 00007ff9ff3a6aeb
0x000000b56bdfc920:   000001db044ccad0 000000b56bdfcc90
0x000000b56bdfc930:   00000000000007f8 ffffffffffffffff
0x000000b56bdfc940:   0000000000000006 00000004000007f5
0x000000b56bdfc950:   0000001300000008 000001db6e8b2100
0x000000b56bdfc960:   000001db6e8b2738 000000b56bdfca70
0x000000b56bdfc970:   000001db6ade7e90 000001db044ccad0
0x000000b56bdfc980:   0000000000000003 00007ff9ff3a5bf5
0x000000b56bdfc990:   000001db6ade7ebc 000000b56bdfca90
0x000000b56bdfc9a0:   000000b56bdfd030 00000000001cb350
0x000000b56bdfc9b0:   000000b56bdfc9e0 0000000000000006
0x000000b56bdfc9c0:   0000000600000014 000001db6c6894f0
0x000000b56bdfc9d0:   0000000000000015 000001db6c6894d0
0x000000b56bdfc9e0:   0000001400000000 0000000e00000020
0x000000b56bdfc9f0:   00007ff900000000 0000001600000001
0x000000b56bdfca00:   0000000d0000000c 00007ffa00000000
0x000000b56bdfca10:   0000000a000001d6 000001db000007f8
0x000000b56bdfca20:   0000000000000007 0000000000000000
0x000000b56bdfca30:   0000000100000c1f 0000000d0000000d
0x000000b56bdfca40:   000001db6e8b2160 000001db6e8b25e0
0x000000b56bdfca50:   000000b56bdfca70 000001db6c68953c
0x000000b56bdfca60:   000001db6c689544 0000000000000624
0x000000b56bdfca70:   000000130000000d 000001db6e8b2738
0x000000b56bdfca80:   000001db79eb91e0 00007ff9ff0b57a1
0x000000b56bdfca90:   00000000000005b0 00000000000000b6
0x000000b56bdfcaa0:   000001db6d061cb0 0000000000000624
0x000000b56bdfcab0:   0000000000000000 00007ff9ff5c7d3b
0x000000b56bdfcac0:   0000000000000029 000000b56bdfcb59
0x000000b56bdfcad0:   000001db79eb91e0 000000b56bdfcb59
0x000000b56bdfcae0:   000000b56bdfcb50 00007ff9ff70ba6e 

Instructions: (pc=0x00007ff9ff1d29f6)
0x00007ff9ff1d28f6:   48 83 bb 88 00 00 00 00 7d 07 b8 ff ff 0f 00 eb
0x00007ff9ff1d2906:   09 48 8d 4b 38 e8 40 8c 53 00 0f b7 8b 9c 00 00
0x00007ff9ff1d2916:   00 3b c1 89 83 98 00 00 00 79 11 81 8b a8 00 00
0x00007ff9ff1d2926:   00 00 01 00 00 c7 43 30 2f 75 00 00 ff c7 c7 43
0x00007ff9ff1d2936:   34 00 00 00 00 3b be e0 00 00 00 0f 82 7b ff ff
0x00007ff9ff1d2946:   ff 0f 28 74 24 40 48 83 c4 58 41 5f 41 5e 41 5d
0x00007ff9ff1d2956:   41 5c 5f 5e 5d 5b c3 ba f8 03 00 00 48 8d 0d 9f
0x00007ff9ff1d2966:   c6 81 00 e8 22 ce 09 00 cc 90 20 25 1e 00 5d 29
0x00007ff9ff1d2976:   1e 00 20 25 1e 00 20 25 1e 00 ad 24 1e 00 20 25
0x00007ff9ff1d2986:   1e 00 ed 24 1e 00 ed 24 1e 00 61 25 1e 00 20 25
0x00007ff9ff1d2996:   1e 00 40 25 1e 00 61 25 1e 00 7f 25 1e 00 9d 25
0x00007ff9ff1d29a6:   1e 00 40 25 1e 00 20 25 1e 00 48 8b 41 58 48 8d
0x00007ff9ff1d29b6:   0d 69 77 a5 00 48 63 40 10 48 c1 e0 05 8b 04 08
0x00007ff9ff1d29c6:   c3 cc cc cc cc cc cc cc cc cc 40 53 48 83 ec 20
0x00007ff9ff1d29d6:   48 8b d9 85 d2 75 08 32 c0 48 83 c4 20 5b c3 48
0x00007ff9ff1d29e6:   8b 43 08 8b ca 48 c1 e9 08 48 89 7c 24 30 8b fa
0x00007ff9ff1d29f6:   4c 8b 04 c8 48 8d 05 af 39 ab 00 4c 3b c0 75 0b
0x00007ff9ff1d2a06:   48 8b cb e8 72 8f 1d 00 4c 8b c0 40 0f b6 cf ba
0x00007ff9ff1d2a16:   01 00 00 00 48 c1 ef 06 80 e1 3f 83 e7 03 48 d3
0x00007ff9ff1d2a26:   e2 49 8b 0c f8 48 8b c1 48 0b c2 49 89 04 f8 48
0x00007ff9ff1d2a36:   8b 7c 24 30 48 23 ca 75 02 ff 03 48 85 c9 0f 94
0x00007ff9ff1d2a46:   c0 48 83 c4 20 5b c3 cc cc cc 44 8b d2 41 3b d0
0x00007ff9ff1d2a56:   7c 49 41 8d 80 c0 02 00 00 3b d0 7d 3e 44 8b ca
0x00007ff9ff1d2a66:   45 2b c8 41 8b c1 83 e0 3f 0f b6 d0 41 8b c1 48
0x00007ff9ff1d2a76:   c1 e8 06 48 8b 44 c1 38 48 0f a3 d0 73 1d 0f b7
0x00007ff9ff1d2a86:   81 9c 00 00 00 83 f8 01 74 0e 8d 48 ff 8b c1 41
0x00007ff9ff1d2a96:   23 c2 3b c1 0f 94 c0 c3 b0 01 c3 32 c0 c3 cc cc
0x00007ff9ff1d2aa6:   cc cc cc cc cc cc cc cc cc cc 40 55 41 55 41 57
0x00007ff9ff1d2ab6:   48 83 ec 30 48 8b 41 48 33 ed 45 33 ff 4c 8b e9
0x00007ff9ff1d2ac6:   39 68 40 0f 86 c9 00 00 00 48 89 5c 24 50 48 89
0x00007ff9ff1d2ad6:   74 24 58 48 89 7c 24 60 4c 89 64 24 28 4c 89 74
0x00007ff9ff1d2ae6:   24 20 0f 1f 84 00 00 00 00 00 48 8b 40 30 33 f6 


Stack slot to memory mapping:

stack at sp + 0 slots: 0x0000000000000012 is an unknown value
stack at sp + 1 slots: 0x00007ff9ffc863b0 jvm.dll
stack at sp + 2 slots: 0x0000000000001219 is an unknown value
stack at sp + 3 slots: 0xffffffffffffffff is an unknown value
stack at sp + 4 slots: 0x000001db044cc8c0 points into unknown readable memory: 0x0000000000000000 | 00 00 00 00 00 00 00 00
stack at sp + 5 slots: 0x00007ff9ff3a6aeb jvm.dll
stack at sp + 6 slots: 0x000001db044ccad0 points into unknown readable memory: 0x3e148ddaabab262c | 2c 26 ab ab da 8d 14 3e
stack at sp + 7 slots: 0x000000b56bdfcc90 is pointing into the stack for thread: 0x000001db78029d50


---------------  P R O C E S S  ---------------

Threads class SMR info:
_java_thread_list=0x000001db6d5ce350, length=71, elements={
0x000001db0e58b4e0, 0x000001db65990080, 0x000001db65991f60, 0x000001db65996ad0,
0x000001db65997720, 0x000001db65998370, 0x000001db6599b2d0, 0x000001db6599c100,
0x000001db65a12120, 0x000001db65a968c0, 0x000001db65d12bf0, 0x000001db6accffd0,
0x000001db6acd0630, 0x000001db6ae1a000, 0x000001db6a042ab0, 0x000001db6a60e400,
0x000001db6ad52110, 0x000001db6a8d8700, 0x000001db6a8d9ab0, 0x000001db6a8d79e0,
0x000001db6a8d9420, 0x000001db6a8d8d90, 0x000001db6a8dae60, 0x000001db6a8da140,
0x000001db6c194a90, 0x000001db6c193050, 0x000001db6c192330, 0x000001db6c193d70,
0x000001db6c1936e0, 0x000001db6c194400, 0x000001db6c191ca0, 0x000001db6c1929c0,
0x000001db6c195120, 0x000001db6d25ade0, 0x000001db6d25bb00, 0x000001db6d259a30,
0x000001db6d25c820, 0x000001db6d25c190, 0x000001db6d25b470, 0x000001db6d25a750,
0x000001db6d25d540, 0x000001db6d25a0c0, 0x000001db6d25dbd0, 0x000001db6d25e8f0,
0x000001db6d25ef80, 0x000001db6d261050, 0x000001db6d25f610, 0x000001db6d260330,
0x000001db6df65d90, 0x000001db6df66420, 0x000001db6df66ab0, 0x000001db6df63cc0,
0x000001db6df63630, 0x000001db6df65070, 0x000001db6df649e0, 0x000001db6d25e260,
0x000001db77f09460, 0x000001db77f06d00, 0x000001db77f07a20, 0x000001db77f08740,
0x000001db77f08dd0, 0x000001db6d820540, 0x000001db6d821260, 0x000001db6d81dde0,
0x000001db6d81d0c0, 0x000001db6d8218f0, 0x000001db6d81e470, 0x000001db6d81eb00,
0x000001db6d81f820, 0x000001db7802c630, 0x000001db78029d50
}

Java Threads: ( => current thread )
  0x000001db0e58b4e0 JavaThread "main"                              [_thread_blocked, id=11268, stack(0x000000b569d00000,0x000000b569e00000) (1024K)]
  0x000001db65990080 JavaThread "Reference Handler"          daemon [_thread_blocked, id=10076, stack(0x000000b56a100000,0x000000b56a200000) (1024K)]
  0x000001db65991f60 JavaThread "Finalizer"                  daemon [_thread_blocked, id=16056, stack(0x000000b56a200000,0x000000b56a300000) (1024K)]
  0x000001db65996ad0 JavaThread "Signal Dispatcher"          daemon [_thread_blocked, id=13012, stack(0x000000b56a300000,0x000000b56a400000) (1024K)]
  0x000001db65997720 JavaThread "Attach Listener"            daemon [_thread_blocked, id=6436, stack(0x000000b56a400000,0x000000b56a500000) (1024K)]
  0x000001db65998370 JavaThread "Service Thread"             daemon [_thread_blocked, id=11592, stack(0x000000b56a500000,0x000000b56a600000) (1024K)]
  0x000001db6599b2d0 JavaThread "Monitor Deflation Thread"   daemon [_thread_blocked, id=17016, stack(0x000000b56a600000,0x000000b56a700000) (1024K)]
  0x000001db6599c100 JavaThread "C2 CompilerThread0"         daemon [_thread_blocked, id=6844, stack(0x000000b56a700000,0x000000b56a800000) (1024K)]
  0x000001db65a12120 JavaThread "C1 CompilerThread0"         daemon [_thread_blocked, id=5980, stack(0x000000b56a800000,0x000000b56a900000) (1024K)]
  0x000001db65a968c0 JavaThread "Common-Cleaner"             daemon [_thread_blocked, id=16536, stack(0x000000b56a900000,0x000000b56aa00000) (1024K)]
  0x000001db65d12bf0 JavaThread "Notification Thread"        daemon [_thread_blocked, id=13008, stack(0x000000b56aa00000,0x000000b56ab00000) (1024K)]
  0x000001db6accffd0 JavaThread "Active Thread: Equinox Container: fbbf484a-9bc2-4562-bb2f-f90c5d8e5987"        [_thread_blocked, id=6632, stack(0x000000b56b300000,0x000000b56b400000) (1024K)]
  0x000001db6acd0630 JavaThread "Refresh Thread: Equinox Container: fbbf484a-9bc2-4562-bb2f-f90c5d8e5987" daemon [_thread_blocked, id=11196, stack(0x000000b56ab00000,0x000000b56ac00000) (1024K)]
  0x000001db6ae1a000 JavaThread "Framework Event Dispatcher: Equinox Container: fbbf484a-9bc2-4562-bb2f-f90c5d8e5987" daemon [_thread_blocked, id=17032, stack(0x000000b56b400000,0x000000b56b500000) (1024K)]
  0x000001db6a042ab0 JavaThread "Start Level: Equinox Container: fbbf484a-9bc2-4562-bb2f-f90c5d8e5987" daemon [_thread_blocked, id=11584, stack(0x000000b56b500000,0x000000b56b600000) (1024K)]
  0x000001db6a60e400 JavaThread "Bundle File Closer"         daemon [_thread_blocked, id=2224, stack(0x000000b56b900000,0x000000b56ba00000) (1024K)]
  0x000001db6ad52110 JavaThread "SCR Component Actor"        daemon [_thread_blocked, id=2416, stack(0x000000b56b600000,0x000000b56b700000) (1024K)]
  0x000001db6a8d8700 JavaThread "Worker-JM"                         [_thread_blocked, id=2160, stack(0x000000b56bc00000,0x000000b56bd00000) (1024K)]
  0x000001db6a8d9ab0 JavaThread "JNA Cleaner"                daemon [_thread_blocked, id=10716, stack(0x000000b56be00000,0x000000b56bf00000) (1024K)]
  0x000001db6a8d79e0 JavaThread "Worker-0"                          [_thread_blocked, id=13044, stack(0x000000b56bf00000,0x000000b56c000000) (1024K)]
  0x000001db6a8d9420 JavaThread "Worker-1"                          [_thread_blocked, id=9780, stack(0x000000b56c000000,0x000000b56c100000) (1024K)]
  0x000001db6a8d8d90 JavaThread "Worker-2"                          [_thread_blocked, id=14752, stack(0x000000b56c100000,0x000000b56c200000) (1024K)]
  0x000001db6a8dae60 JavaThread "Java indexing"              daemon [_thread_blocked, id=2116, stack(0x000000b56c200000,0x000000b56c300000) (1024K)]
  0x000001db6a8da140 JavaThread "Worker-3"                          [_thread_blocked, id=7000, stack(0x000000b56c300000,0x000000b56c400000) (1024K)]
  0x000001db6c194a90 JavaThread "Worker-4"                          [_thread_blocked, id=13772, stack(0x000000b56c700000,0x000000b56c800000) (1024K)]
  0x000001db6c193050 JavaThread "Worker-5"                          [_thread_blocked, id=4844, stack(0x000000b56c800000,0x000000b56c900000) (1024K)]
  0x000001db6c192330 JavaThread "Worker-6"                          [_thread_blocked, id=9408, stack(0x000000b56c900000,0x000000b56ca00000) (1024K)]
  0x000001db6c193d70 JavaThread "Thread-2"                   daemon [_thread_in_native, id=14456, stack(0x000000b56ca00000,0x000000b56cb00000) (1024K)]
  0x000001db6c1936e0 JavaThread "Thread-3"                   daemon [_thread_in_native, id=9252, stack(0x000000b56cb00000,0x000000b56cc00000) (1024K)]
  0x000001db6c194400 JavaThread "Thread-4"                   daemon [_thread_in_native, id=11904, stack(0x000000b56cc00000,0x000000b56cd00000) (1024K)]
  0x000001db6c191ca0 JavaThread "Thread-5"                   daemon [_thread_in_native, id=15724, stack(0x000000b56cd00000,0x000000b56ce00000) (1024K)]
  0x000001db6c1929c0 JavaThread "Thread-6"                   daemon [_thread_in_native, id=3588, stack(0x000000b56ce00000,0x000000b56cf00000) (1024K)]
  0x000001db6c195120 JavaThread "Thread-7"                   daemon [_thread_in_native, id=11824, stack(0x000000b56cf00000,0x000000b56d000000) (1024K)]
  0x000001db6d25ade0 JavaThread "Thread-8"                   daemon [_thread_in_native, id=11896, stack(0x000000b56d000000,0x000000b56d100000) (1024K)]
  0x000001db6d25bb00 JavaThread "Thread-9"                   daemon [_thread_in_native, id=14764, stack(0x000000b56d100000,0x000000b56d200000) (1024K)]
  0x000001db6d259a30 JavaThread "Thread-10"                  daemon [_thread_in_native, id=6396, stack(0x000000b56d200000,0x000000b56d300000) (1024K)]
  0x000001db6d25c820 JavaThread "Thread-11"                  daemon [_thread_in_native, id=8588, stack(0x000000b56d300000,0x000000b56d400000) (1024K)]
  0x000001db6d25c190 JavaThread "Thread-12"                  daemon [_thread_in_native, id=13664, stack(0x000000b56d400000,0x000000b56d500000) (1024K)]
  0x000001db6d25b470 JavaThread "Thread-13"                  daemon [_thread_in_native, id=15356, stack(0x000000b56d500000,0x000000b56d600000) (1024K)]
  0x000001db6d25a750 JavaThread "Thread-14"                  daemon [_thread_in_native, id=8132, stack(0x000000b56d600000,0x000000b56d700000) (1024K)]
  0x000001db6d25d540 JavaThread "pool-2-thread-1"                   [_thread_blocked, id=14856, stack(0x000000b56d700000,0x000000b56d800000) (1024K)]
  0x000001db6d25a0c0 JavaThread "Worker-7"                          [_thread_blocked, id=8800, stack(0x000000b56d800000,0x000000b56d900000) (1024K)]
  0x000001db6d25dbd0 JavaThread "Timer-0"                           [_thread_blocked, id=13164, stack(0x000000b56d900000,0x000000b56da00000) (1024K)]
  0x000001db6d25e8f0 JavaThread "WorkspaceEventsHandler"            [_thread_blocked, id=13116, stack(0x000000b56db00000,0x000000b56dc00000) (1024K)]
  0x000001db6d25ef80 JavaThread "pool-1-thread-1"                   [_thread_blocked, id=7100, stack(0x000000b56dc00000,0x000000b56dd00000) (1024K)]
  0x000001db6d261050 JavaThread "Worker-8"                          [_thread_blocked, id=12660, stack(0x000000b56de00000,0x000000b56df00000) (1024K)]
  0x000001db6d25f610 JavaThread "Worker-9"                          [_thread_blocked, id=5132, stack(0x000000b56df00000,0x000000b56e000000) (1024K)]
  0x000001db6d260330 JavaThread "Timer-1"                           [_thread_blocked, id=14728, stack(0x000000b56e000000,0x000000b56e100000) (1024K)]
  0x000001db6df65d90 JavaThread "Timer-2"                           [_thread_blocked, id=8976, stack(0x000000b56e200000,0x000000b56e300000) (1024K)]
  0x000001db6df66420 JavaThread "Exec process"                      [_thread_blocked, id=4492, stack(0x000000b56ba00000,0x000000b56bb00000) (1024K)]
  0x000001db6df66ab0 JavaThread "Exec process Thread 2"             [_thread_blocked, id=5772, stack(0x000000b56e400000,0x000000b56e500000) (1024K)]
  0x000001db6df63cc0 JavaThread "Exec process Thread 3"             [_thread_blocked, id=12904, stack(0x000000b56e500000,0x000000b56e600000) (1024K)]
  0x000001db6df63630 JavaThread "Timer-3"                           [_thread_blocked, id=14740, stack(0x000000b56e100000,0x000000b56e200000) (1024K)]
  0x000001db6df65070 JavaThread "Timer-4"                           [_thread_blocked, id=6220, stack(0x000000b56e600000,0x000000b56e700000) (1024K)]
  0x000001db6df649e0 JavaThread "Timer-5"                           [_thread_blocked, id=9664, stack(0x000000b56e300000,0x000000b56e400000) (1024K)]
  0x000001db6d25e260 JavaThread "Timer-6"                           [_thread_blocked, id=9764, stack(0x000000b56e700000,0x000000b56e800000) (1024K)]
  0x000001db77f09460 JavaThread "Timer-7"                           [_thread_blocked, id=4904, stack(0x000000b56e800000,0x000000b56e900000) (1024K)]
  0x000001db77f06d00 JavaThread "Timer-8"                           [_thread_blocked, id=18152, stack(0x000000b56dd00000,0x000000b56de00000) (1024K)]
  0x000001db77f07a20 JavaThread "Timer-9"                           [_thread_blocked, id=18160, stack(0x000000b56e900000,0x000000b56ea00000) (1024K)]
  0x000001db77f08740 JavaThread "Timer-10"                          [_thread_blocked, id=18276, stack(0x000000b56ea00000,0x000000b56eb00000) (1024K)]
  0x000001db77f08dd0 JavaThread "Timer-11"                          [_thread_blocked, id=18284, stack(0x000000b56eb00000,0x000000b56ec00000) (1024K)]
  0x000001db6d820540 JavaThread "ForkJoinPool.commonPool-worker-1" daemon [_thread_blocked, id=17732, stack(0x000000b56ee00000,0x000000b56ef00000) (1024K)]
  0x000001db6d821260 JavaThread "ForkJoinPool.commonPool-worker-2" daemon [_thread_blocked, id=17796, stack(0x000000b56f000000,0x000000b56f100000) (1024K)]
  0x000001db6d81dde0 JavaThread "ForkJoinPool.commonPool-worker-3" daemon [_thread_blocked, id=17752, stack(0x000000b56ec00000,0x000000b56ed00000) (1024K)]
  0x000001db6d81d0c0 JavaThread "ForkJoinPool.commonPool-worker-4" daemon [_thread_blocked, id=17700, stack(0x000000b56ed00000,0x000000b56ee00000) (1024K)]
  0x000001db6d8218f0 JavaThread "ForkJoinPool.commonPool-worker-5" daemon [_thread_blocked, id=15396, stack(0x000000b56ef00000,0x000000b56f000000) (1024K)]
  0x000001db6d81e470 JavaThread "ForkJoinPool.commonPool-worker-6" daemon [_thread_blocked, id=11252, stack(0x000000b56f100000,0x000000b56f200000) (1024K)]
  0x000001db6d81eb00 JavaThread "ForkJoinPool.commonPool-worker-7" daemon [_thread_blocked, id=13716, stack(0x000000b56f300000,0x000000b56f400000) (1024K)]
  0x000001db6d81f820 JavaThread "Cleaner-0"                  daemon [_thread_blocked, id=17872, stack(0x000000b56f200000,0x000000b56f300000) (1024K)]
  0x000001db7802c630 JavaThread "C2 CompilerThread1"         daemon [_thread_blocked, id=16208, stack(0x000000b56bb00000,0x000000b56bc00000) (1024K)]
=>0x000001db78029d50 JavaThread "C2 CompilerThread2"         daemon [_thread_in_native, id=11020, stack(0x000000b56bd00000,0x000000b56be00000) (1024K)]
Total: 71

Other Threads:
  0x000001db22964930 VMThread "VM Thread"                           [id=3736, stack(0x000000b56a000000,0x000000b56a100000) (1024K)]
  0x000001db2285ca00 WatcherThread "VM Periodic Task Thread"        [id=11952, stack(0x000000b569f00000,0x000000b56a000000) (1024K)]
  0x000001db0e5a9950 WorkerThread "GC Thread#0"                     [id=12700, stack(0x000000b569e00000,0x000000b569f00000) (1024K)]
  0x000001db6aa67420 WorkerThread "GC Thread#1"                     [id=5572, stack(0x000000b56ac00000,0x000000b56ad00000) (1024K)]
  0x000001db6a40cca0 WorkerThread "GC Thread#2"                     [id=6920, stack(0x000000b56ad00000,0x000000b56ae00000) (1024K)]
  0x000001db6a8ae7d0 WorkerThread "GC Thread#3"                     [id=10024, stack(0x000000b56ae00000,0x000000b56af00000) (1024K)]
  0x000001db6a8aeb70 WorkerThread "GC Thread#4"                     [id=4392, stack(0x000000b56af00000,0x000000b56b000000) (1024K)]
  0x000001db6a8aef10 WorkerThread "GC Thread#5"                     [id=6852, stack(0x000000b56b000000,0x000000b56b100000) (1024K)]
  0x000001db6a4ac420 WorkerThread "GC Thread#6"                     [id=17212, stack(0x000000b56b100000,0x000000b56b200000) (1024K)]
  0x000001db6af53c10 WorkerThread "GC Thread#7"                     [id=7832, stack(0x000000b56b200000,0x000000b56b300000) (1024K)]
  0x000001db6ab02d90 WorkerThread "GC Thread#8"                     [id=6772, stack(0x000000b56b700000,0x000000b56b800000) (1024K)]
  0x000001db6ac86440 WorkerThread "GC Thread#9"                     [id=6344, stack(0x000000b56b800000,0x000000b56b900000) (1024K)]
Total: 12

Threads with active compile tasks:
C2 CompilerThread2  57897 13167       4       lombok.eclipse.EclipseAST::buildStatement (57 bytes)
Total: 1

VM state: not at safepoint (normal execution)

VM Mutex/Monitor currently owned by a thread: None

Heap address: 0x00000000c0000000, size: 1024 MB, Compressed Oops mode: 32-bit

CDS archive(s) mapped at: [0x000001db23000000-0x000001db23ba0000-0x000001db23ba0000), size 12189696, SharedBaseAddress: 0x000001db23000000, ArchiveRelocationMode: 1.
Compressed class space mapped at: 0x000001db24000000-0x000001db64000000, reserved size: 1073741824
Narrow klass base: 0x000001db23000000, Narrow klass shift: 0, Narrow klass range: 0x100000000

GC Precious Log:
 CardTable entry size: 512
 CPUs: 12 total, 12 available
 Memory: 15741M
 Large Page Support: Disabled
 NUMA Support: Disabled
 Compressed Oops: Enabled (32-bit)
 Alignments: Space 512K, Generation 512K, Heap 2M
 Heap Min Capacity: 100M
 Heap Initial Capacity: 100M
 Heap Max Capacity: 1G
 Pre-touch: Disabled
 Parallel Workers: 10

Heap:
 PSYoungGen      total 3072K, used 837K [0x00000000eab00000, 0x00000000eb180000, 0x0000000100000000)
  eden space 2560K, 13% used [0x00000000eab00000,0x00000000eab55440,0x00000000ead80000)
  from space 512K, 96% used [0x00000000eb100000,0x00000000eb17c010,0x00000000eb180000)
  to   space 1024K, 0% used [0x00000000eaf80000,0x00000000eaf80000,0x00000000eb080000)
 ParOldGen       total 272384K, used 259057K [0x00000000c0000000, 0x00000000d0a00000, 0x00000000eab00000)
  object space 272384K, 95% used [0x00000000c0000000,0x00000000cfcfc6e8,0x00000000d0a00000)
 Metaspace       used 86442K, committed 88064K, reserved 1179648K
  class space    used 10044K, committed 10752K, reserved 1048576K

Card table byte_map: [0x000001db0df40000,0x000001db0e150000] _byte_map_base: 0x000001db0d940000

Marking Bits: (ParMarkBitMap*) 0x00007ff9ffca31f0
 Begin Bits: [0x000001db20780000, 0x000001db21780000)
 End Bits:   [0x000001db21780000, 0x000001db22780000)

Polling page: 0x000001db0dd20000

Metaspace:

Usage:
  Non-class:     74.61 MB used.
      Class:      9.81 MB used.
       Both:     84.42 MB used.

Virtual space:
  Non-class space:      128.00 MB reserved,      75.50 MB ( 59%) committed,  2 nodes.
      Class space:        1.00 GB reserved,      10.50 MB (  1%) committed,  1 nodes.
             Both:        1.12 GB reserved,      86.00 MB (  7%) committed. 

Chunk freelists:
   Non-Class:  4.16 MB
       Class:  5.38 MB
        Both:  9.54 MB

MaxMetaspaceSize: unlimited
CompressedClassSpaceSize: 1.00 GB
Initial GC threshold: 21.00 MB
Current GC threshold: 136.19 MB
CDS: on
 - commit_granule_bytes: 65536.
 - commit_granule_words: 8192.
 - virtual_space_node_default_size: 8388608.
 - enlarge_chunks_in_place: 1.
 - use_allocation_guard: 0.


Internal statistics:

num_allocs_failed_limit: 9.
num_arena_births: 1512.
num_arena_deaths: 14.
num_vsnodes_births: 3.
num_vsnodes_deaths: 0.
num_space_committed: 1376.
num_space_uncommitted: 0.
num_chunks_returned_to_freelist: 23.
num_chunks_taken_from_freelist: 5489.
num_chunk_merges: 15.
num_chunk_splits: 3348.
num_chunks_enlarged: 1826.
num_inconsistent_stats: 0.

CodeHeap 'non-profiled nmethods': size=120000Kb used=10404Kb max_used=10404Kb free=109595Kb
 bounds [0x000001db19250000, 0x000001db19c80000, 0x000001db20780000]
CodeHeap 'profiled nmethods': size=120000Kb used=23034Kb max_used=23034Kb free=96965Kb
 bounds [0x000001db11780000, 0x000001db12e00000, 0x000001db18cb0000]
CodeHeap 'non-nmethods': size=5760Kb used=1520Kb max_used=1585Kb free=4239Kb
 bounds [0x000001db18cb0000, 0x000001db18f20000, 0x000001db19250000]
 total_blobs=12142 nmethods=11303 adapters=743
 compilation: enabled
              stopped_count=0, restarted_count=0
 full_count=0

Compilation events (20 events):
Event: 57.667 Thread 0x000001db6599c100 nmethod 13191 0x000001db19c55490 code [0x000001db19c55620, 0x000001db19c556c8]
Event: 57.667 Thread 0x000001db6599c100 13176       4       org.eclipse.jdt.internal.compiler.util.CharArray::equals (26 bytes)
Event: 57.668 Thread 0x000001db6599c100 nmethod 13176 0x000001db19c55790 code [0x000001db19c55920, 0x000001db19c55ad0]
Event: 57.668 Thread 0x000001db6599c100 13079   !   4       lombok.core.AST::buildWithField0 (121 bytes)
Event: 57.685 Thread 0x000001db78029d50 nmethod 13113 0x000001db19c55b90 code [0x000001db19c563c0, 0x000001db19c5b258]
Event: 57.685 Thread 0x000001db78029d50 13186       4       org.eclipse.jdt.internal.compiler.lookup.BinaryTypeBinding::kind (31 bytes)
Event: 57.686 Thread 0x000001db78029d50 nmethod 13186 0x000001db19c5e590 code [0x000001db19c5e720, 0x000001db19c5e7e8]
Event: 57.686 Thread 0x000001db78029d50 13167       4       lombok.eclipse.EclipseAST::buildStatement (57 bytes)
Event: 57.765 Thread 0x000001db7802c630 nmethod 13078 0x000001db19c5e890 code [0x000001db19c5f360, 0x000001db19c65e08]
Event: 57.769 Thread 0x000001db7802c630 13149       4       java.util.ArrayDeque::addFirst (51 bytes)
Event: 57.770 Thread 0x000001db7802c630 nmethod 13149 0x000001db19c6a610 code [0x000001db19c6a7a0, 0x000001db19c6a918]
Event: 57.770 Thread 0x000001db7802c630 13071       4       org.eclipse.jdt.internal.compiler.util.CharDelegateMap::put (44 bytes)
Event: 57.782 Thread 0x000001db7802c630 nmethod 13071 0x000001db19c6aa90 code [0x000001db19c6ad60, 0x000001db19c6bd98]
Event: 57.782 Thread 0x000001db7802c630 13070       4       org.eclipse.jdt.internal.compiler.lookup.ModuleBinding::completeIfNeeded (53 bytes)
Event: 57.783 Thread 0x000001db7802c630 nmethod 13070 0x000001db19c6c810 code [0x000001db19c6c9c0, 0x000001db19c6cb60]
Event: 57.783 Thread 0x000001db7802c630 13148       4       java.util.ArrayDeque::push (6 bytes)
Event: 57.784 Thread 0x000001db7802c630 nmethod 13148 0x000001db19c6cd10 code [0x000001db19c6cea0, 0x000001db19c6d018]
Event: 57.784 Thread 0x000001db7802c630 13168       4       lombok.eclipse.EclipseASTAdapter::visitLocal (1 bytes)
Event: 57.784 Thread 0x000001db7802c630 nmethod 13168 0x000001db19c6d190 code [0x000001db19c6d320, 0x000001db19c6d3a8]
Event: 57.835 Thread 0x000001db6599c100 nmethod 13079 0x000001db19c6d490 code [0x000001db19c6df60, 0x000001db19c74930]

GC Heap History (20 events):
Event: 57.147 GC heap before
{Heap before GC invocations=754 (full 4):
 PSYoungGen      total 6144K, used 6121K [0x00000000eab00000, 0x00000000ebb80000, 0x0000000100000000)
  eden space 5632K, 100% used [0x00000000eab00000,0x00000000eb080000,0x00000000eb080000)
  from space 512K, 95% used [0x00000000eb500000,0x00000000eb57a420,0x00000000eb580000)
  to   space 4608K, 0% used [0x00000000eb080000,0x00000000eb080000,0x00000000eb500000)
 ParOldGen       total 272384K, used 248605K [0x00000000c0000000, 0x00000000d0a00000, 0x00000000eab00000)
  object space 272384K, 91% used [0x00000000c0000000,0x00000000cf2c7448,0x00000000d0a00000)
 Metaspace       used 85896K, committed 87552K, reserved 1179648K
  class space    used 10020K, committed 10752K, reserved 1048576K
}
Event: 57.149 GC heap after
{Heap after GC invocations=754 (full 4):
 PSYoungGen      total 8192K, used 2400K [0x00000000eab00000, 0x00000000eb680000, 0x0000000100000000)
  eden space 5632K, 0% used [0x00000000eab00000,0x00000000eab00000,0x00000000eb080000)
  from space 2560K, 93% used [0x00000000eb080000,0x00000000eb2d8000,0x00000000eb300000)
  to   space 3072K, 0% used [0x00000000eb380000,0x00000000eb380000,0x00000000eb680000)
 ParOldGen       total 272384K, used 249139K [0x00000000c0000000, 0x00000000d0a00000, 0x00000000eab00000)
  object space 272384K, 91% used [0x00000000c0000000,0x00000000cf34cce8,0x00000000d0a00000)
 Metaspace       used 85896K, committed 87552K, reserved 1179648K
  class space    used 10020K, committed 10752K, reserved 1048576K
}
Event: 57.189 GC heap before
{Heap before GC invocations=755 (full 4):
 PSYoungGen      total 8192K, used 8032K [0x00000000eab00000, 0x00000000eb680000, 0x0000000100000000)
  eden space 5632K, 100% used [0x00000000eab00000,0x00000000eb080000,0x00000000eb080000)
  from space 2560K, 93% used [0x00000000eb080000,0x00000000eb2d8000,0x00000000eb300000)
  to   space 3072K, 0% used [0x00000000eb380000,0x00000000eb380000,0x00000000eb680000)
 ParOldGen       total 272384K, used 249139K [0x00000000c0000000, 0x00000000d0a00000, 0x00000000eab00000)
  object space 272384K, 91% used [0x00000000c0000000,0x00000000cf34cce8,0x00000000d0a00000)
 Metaspace       used 85908K, committed 87552K, reserved 1179648K
  class space    used 10020K, committed 10752K, reserved 1048576K
}
Event: 57.192 GC heap after
{Heap after GC invocations=755 (full 4):
 PSYoungGen      total 5632K, used 3058K [0x00000000eab00000, 0x00000000ebc80000, 0x0000000100000000)
  eden space 2560K, 0% used [0x00000000eab00000,0x00000000eab00000,0x00000000ead80000)
  from space 3072K, 99% used [0x00000000eb380000,0x00000000eb67c840,0x00000000eb680000)
  to   space 6144K, 0% used [0x00000000ead80000,0x00000000ead80000,0x00000000eb380000)
 ParOldGen       total 272384K, used 251275K [0x00000000c0000000, 0x00000000d0a00000, 0x00000000eab00000)
  object space 272384K, 92% used [0x00000000c0000000,0x00000000cf562ce8,0x00000000d0a00000)
 Metaspace       used 85908K, committed 87552K, reserved 1179648K
  class space    used 10020K, committed 10752K, reserved 1048576K
}
Event: 57.223 GC heap before
{Heap before GC invocations=756 (full 4):
 PSYoungGen      total 5632K, used 5618K [0x00000000eab00000, 0x00000000ebc80000, 0x0000000100000000)
  eden space 2560K, 99% used [0x00000000eab00000,0x00000000ead7fff0,0x00000000ead80000)
  from space 3072K, 99% used [0x00000000eb380000,0x00000000eb67c840,0x00000000eb680000)
  to   space 6144K, 0% used [0x00000000ead80000,0x00000000ead80000,0x00000000eb380000)
 ParOldGen       total 272384K, used 251275K [0x00000000c0000000, 0x00000000d0a00000, 0x00000000eab00000)
  object space 272384K, 92% used [0x00000000c0000000,0x00000000cf562ce8,0x00000000d0a00000)
 Metaspace       used 85916K, committed 87552K, reserved 1179648K
  class space    used 10020K, committed 10752K, reserved 1048576K
}
Event: 57.225 GC heap after
{Heap after GC invocations=756 (full 4):
 PSYoungGen      total 3584K, used 992K [0x00000000eab00000, 0x00000000eb400000, 0x0000000100000000)
  eden space 2560K, 0% used [0x00000000eab00000,0x00000000eab00000,0x00000000ead80000)
  from space 1024K, 96% used [0x00000000ead80000,0x00000000eae78000,0x00000000eae80000)
  to   space 2560K, 0% used [0x00000000eb180000,0x00000000eb180000,0x00000000eb400000)
 ParOldGen       total 272384K, used 254381K [0x00000000c0000000, 0x00000000d0a00000, 0x00000000eab00000)
  object space 272384K, 93% used [0x00000000c0000000,0x00000000cf86b528,0x00000000d0a00000)
 Metaspace       used 85916K, committed 87552K, reserved 1179648K
  class space    used 10020K, committed 10752K, reserved 1048576K
}
Event: 57.252 GC heap before
{Heap before GC invocations=757 (full 4):
 PSYoungGen      total 3584K, used 3552K [0x00000000eab00000, 0x00000000eb400000, 0x0000000100000000)
  eden space 2560K, 100% used [0x00000000eab00000,0x00000000ead80000,0x00000000ead80000)
  from space 1024K, 96% used [0x00000000ead80000,0x00000000eae78000,0x00000000eae80000)
  to   space 2560K, 0% used [0x00000000eb180000,0x00000000eb180000,0x00000000eb400000)
 ParOldGen       total 272384K, used 254381K [0x00000000c0000000, 0x00000000d0a00000, 0x00000000eab00000)
  object space 272384K, 93% used [0x00000000c0000000,0x00000000cf86b528,0x00000000d0a00000)
 Metaspace       used 85935K, committed 87616K, reserved 1179648K
  class space    used 10021K, committed 10752K, reserved 1048576K
}
Event: 57.253 GC heap after
{Heap after GC invocations=757 (full 4):
 PSYoungGen      total 3584K, used 992K [0x00000000eab00000, 0x00000000eb280000, 0x0000000100000000)
  eden space 2560K, 0% used [0x00000000eab00000,0x00000000eab00000,0x00000000ead80000)
  from space 1024K, 96% used [0x00000000eb180000,0x00000000eb278178,0x00000000eb280000)
  to   space 1536K, 0% used [0x00000000eaf80000,0x00000000eaf80000,0x00000000eb100000)
 ParOldGen       total 272384K, used 255213K [0x00000000c0000000, 0x00000000d0a00000, 0x00000000eab00000)
  object space 272384K, 93% used [0x00000000c0000000,0x00000000cf93b528,0x00000000d0a00000)
 Metaspace       used 85935K, committed 87616K, reserved 1179648K
  class space    used 10021K, committed 10752K, reserved 1048576K
}
Event: 57.281 GC heap before
{Heap before GC invocations=758 (full 4):
 PSYoungGen      total 3584K, used 3552K [0x00000000eab00000, 0x00000000eb280000, 0x0000000100000000)
  eden space 2560K, 99% used [0x00000000eab00000,0x00000000ead7fff8,0x00000000ead80000)
  from space 1024K, 96% used [0x00000000eb180000,0x00000000eb278178,0x00000000eb280000)
  to   space 1536K, 0% used [0x00000000eaf80000,0x00000000eaf80000,0x00000000eb100000)
 ParOldGen       total 272384K, used 255213K [0x00000000c0000000, 0x00000000d0a00000, 0x00000000eab00000)
  object space 272384K, 93% used [0x00000000c0000000,0x00000000cf93b528,0x00000000d0a00000)
 Metaspace       used 86073K, committed 87744K, reserved 1179648K
  class space    used 10031K, committed 10752K, reserved 1048576K
}
Event: 57.283 GC heap after
{Heap after GC invocations=758 (full 4):
 PSYoungGen      total 4096K, used 736K [0x00000000eab00000, 0x00000000eb200000, 0x0000000100000000)
  eden space 2560K, 0% used [0x00000000eab00000,0x00000000eab00000,0x00000000ead80000)
  from space 1536K, 47% used [0x00000000eaf80000,0x00000000eb038020,0x00000000eb100000)
  to   space 1024K, 0% used [0x00000000eb100000,0x00000000eb100000,0x00000000eb200000)
 ParOldGen       total 272384K, used 256221K [0x00000000c0000000, 0x00000000d0a00000, 0x00000000eab00000)
  object space 272384K, 94% used [0x00000000c0000000,0x00000000cfa37548,0x00000000d0a00000)
 Metaspace       used 86073K, committed 87744K, reserved 1179648K
  class space    used 10031K, committed 10752K, reserved 1048576K
}
Event: 57.332 GC heap before
{Heap before GC invocations=759 (full 4):
 PSYoungGen      total 4096K, used 3296K [0x00000000eab00000, 0x00000000eb200000, 0x0000000100000000)
  eden space 2560K, 100% used [0x00000000eab00000,0x00000000ead80000,0x00000000ead80000)
  from space 1536K, 47% used [0x00000000eaf80000,0x00000000eb038020,0x00000000eb100000)
  to   space 1024K, 0% used [0x00000000eb100000,0x00000000eb100000,0x00000000eb200000)
 ParOldGen       total 272384K, used 256221K [0x00000000c0000000, 0x00000000d0a00000, 0x00000000eab00000)
  object space 272384K, 94% used [0x00000000c0000000,0x00000000cfa37548,0x00000000d0a00000)
 Metaspace       used 86237K, committed 87872K, reserved 1179648K
  class space    used 10037K, committed 10752K, reserved 1048576K
}
Event: 57.334 GC heap after
{Heap after GC invocations=759 (full 4):
 PSYoungGen      total 3584K, used 704K [0x00000000eab00000, 0x00000000eb200000, 0x0000000100000000)
  eden space 2560K, 0% used [0x00000000eab00000,0x00000000eab00000,0x00000000ead80000)
  from space 1024K, 68% used [0x00000000eb100000,0x00000000eb1b0000,0x00000000eb200000)
  to   space 1024K, 0% used [0x00000000eb000000,0x00000000eb000000,0x00000000eb100000)
 ParOldGen       total 272384K, used 257189K [0x00000000c0000000, 0x00000000d0a00000, 0x00000000eab00000)
  object space 272384K, 94% used [0x00000000c0000000,0x00000000cfb29568,0x00000000d0a00000)
 Metaspace       used 86237K, committed 87872K, reserved 1179648K
  class space    used 10037K, committed 10752K, reserved 1048576K
}
Event: 57.381 GC heap before
{Heap before GC invocations=760 (full 4):
 PSYoungGen      total 3584K, used 3264K [0x00000000eab00000, 0x00000000eb200000, 0x0000000100000000)
  eden space 2560K, 100% used [0x00000000eab00000,0x00000000ead80000,0x00000000ead80000)
  from space 1024K, 68% used [0x00000000eb100000,0x00000000eb1b0000,0x00000000eb200000)
  to   space 1024K, 0% used [0x00000000eb000000,0x00000000eb000000,0x00000000eb100000)
 ParOldGen       total 272384K, used 257189K [0x00000000c0000000, 0x00000000d0a00000, 0x00000000eab00000)
  object space 272384K, 94% used [0x00000000c0000000,0x00000000cfb29568,0x00000000d0a00000)
 Metaspace       used 86351K, committed 87936K, reserved 1179648K
  class space    used 10043K, committed 10752K, reserved 1048576K
}
Event: 57.383 GC heap after
{Heap after GC invocations=760 (full 4):
 PSYoungGen      total 3584K, used 992K [0x00000000eab00000, 0x00000000eb180000, 0x0000000100000000)
  eden space 2560K, 0% used [0x00000000eab00000,0x00000000eab00000,0x00000000ead80000)
  from space 1024K, 96% used [0x00000000eb000000,0x00000000eb0f8010,0x00000000eb100000)
  to   space 512K, 0% used [0x00000000eb100000,0x00000000eb100000,0x00000000eb180000)
 ParOldGen       total 272384K, used 257774K [0x00000000c0000000, 0x00000000d0a00000, 0x00000000eab00000)
  object space 272384K, 94% used [0x00000000c0000000,0x00000000cfbbb938,0x00000000d0a00000)
 Metaspace       used 86351K, committed 87936K, reserved 1179648K
  class space    used 10043K, committed 10752K, reserved 1048576K
}
Event: 57.479 GC heap before
{Heap before GC invocations=761 (full 4):
 PSYoungGen      total 3584K, used 3552K [0x00000000eab00000, 0x00000000eb180000, 0x0000000100000000)
  eden space 2560K, 99% used [0x00000000eab00000,0x00000000ead7fff0,0x00000000ead80000)
  from space 1024K, 96% used [0x00000000eb000000,0x00000000eb0f8010,0x00000000eb100000)
  to   space 512K, 0% used [0x00000000eb100000,0x00000000eb100000,0x00000000eb180000)
 ParOldGen       total 272384K, used 257774K [0x00000000c0000000, 0x00000000d0a00000, 0x00000000eab00000)
  object space 272384K, 94% used [0x00000000c0000000,0x00000000cfbbb938,0x00000000d0a00000)
 Metaspace       used 86363K, committed 87936K, reserved 1179648K
  class space    used 10044K, committed 10752K, reserved 1048576K
}
Event: 57.480 GC heap after
{Heap after GC invocations=761 (full 4):
 PSYoungGen      total 3072K, used 512K [0x00000000eab00000, 0x00000000eb180000, 0x0000000100000000)
  eden space 2560K, 0% used [0x00000000eab00000,0x00000000eab00000,0x00000000ead80000)
  from space 512K, 100% used [0x00000000eb100000,0x00000000eb180000,0x00000000eb180000)
  to   space 1024K, 0% used [0x00000000eaf80000,0x00000000eaf80000,0x00000000eb080000)
 ParOldGen       total 272384K, used 258753K [0x00000000c0000000, 0x00000000d0a00000, 0x00000000eab00000)
  object space 272384K, 94% used [0x00000000c0000000,0x00000000cfcb06c8,0x00000000d0a00000)
 Metaspace       used 86363K, committed 87936K, reserved 1179648K
  class space    used 10044K, committed 10752K, reserved 1048576K
}
Event: 57.588 GC heap before
{Heap before GC invocations=762 (full 4):
 PSYoungGen      total 3072K, used 3072K [0x00000000eab00000, 0x00000000eb180000, 0x0000000100000000)
  eden space 2560K, 100% used [0x00000000eab00000,0x00000000ead80000,0x00000000ead80000)
  from space 512K, 100% used [0x00000000eb100000,0x00000000eb180000,0x00000000eb180000)
  to   space 1024K, 0% used [0x00000000eaf80000,0x00000000eaf80000,0x00000000eb080000)
 ParOldGen       total 272384K, used 258753K [0x00000000c0000000, 0x00000000d0a00000, 0x00000000eab00000)
  object space 272384K, 94% used [0x00000000c0000000,0x00000000cfcb06c8,0x00000000d0a00000)
 Metaspace       used 86415K, committed 88000K, reserved 1179648K
  class space    used 10044K, committed 10752K, reserved 1048576K
}
Event: 57.589 GC heap after
{Heap after GC invocations=762 (full 4):
 PSYoungGen      total 3584K, used 288K [0x00000000eab00000, 0x00000000eb180000, 0x0000000100000000)
  eden space 2560K, 0% used [0x00000000eab00000,0x00000000eab00000,0x00000000ead80000)
  from space 1024K, 28% used [0x00000000eaf80000,0x00000000eafc8000,0x00000000eb080000)
  to   space 512K, 0% used [0x00000000eb100000,0x00000000eb100000,0x00000000eb180000)
 ParOldGen       total 272384K, used 258817K [0x00000000c0000000, 0x00000000d0a00000, 0x00000000eab00000)
  object space 272384K, 95% used [0x00000000c0000000,0x00000000cfcc06c8,0x00000000d0a00000)
 Metaspace       used 86415K, committed 88000K, reserved 1179648K
  class space    used 10044K, committed 10752K, reserved 1048576K
}
Event: 57.607 GC heap before
{Heap before GC invocations=763 (full 4):
 PSYoungGen      total 3584K, used 2848K [0x00000000eab00000, 0x00000000eb180000, 0x0000000100000000)
  eden space 2560K, 100% used [0x00000000eab00000,0x00000000ead80000,0x00000000ead80000)
  from space 1024K, 28% used [0x00000000eaf80000,0x00000000eafc8000,0x00000000eb080000)
  to   space 512K, 0% used [0x00000000eb100000,0x00000000eb100000,0x00000000eb180000)
 ParOldGen       total 272384K, used 258817K [0x00000000c0000000, 0x00000000d0a00000, 0x00000000eab00000)
  object space 272384K, 95% used [0x00000000c0000000,0x00000000cfcc06c8,0x00000000d0a00000)
 Metaspace       used 86440K, committed 88064K, reserved 1179648K
  class space    used 10044K, committed 10752K, reserved 1048576K
}
Event: 57.608 GC heap after
{Heap after GC invocations=763 (full 4):
 PSYoungGen      total 3072K, used 496K [0x00000000eab00000, 0x00000000eb180000, 0x0000000100000000)
  eden space 2560K, 0% used [0x00000000eab00000,0x00000000eab00000,0x00000000ead80000)
  from space 512K, 96% used [0x00000000eb100000,0x00000000eb17c010,0x00000000eb180000)
  to   space 1024K, 0% used [0x00000000eaf80000,0x00000000eaf80000,0x00000000eb080000)
 ParOldGen       total 272384K, used 259057K [0x00000000c0000000, 0x00000000d0a00000, 0x00000000eab00000)
  object space 272384K, 95% used [0x00000000c0000000,0x00000000cfcfc6e8,0x00000000d0a00000)
 Metaspace       used 86440K, committed 88064K, reserved 1179648K
  class space    used 10044K, committed 10752K, reserved 1048576K
}

Dll operation events (15 events):
Event: 0.025 Loaded shared library c:\Users\erica\.vscode\extensions\redhat.java-1.42.0-win32-x64\jre\21.0.7-win32-x86_64\bin\java.dll
Event: 0.164 Loaded shared library c:\Users\erica\.vscode\extensions\redhat.java-1.42.0-win32-x64\jre\21.0.7-win32-x86_64\bin\zip.dll
Event: 0.211 Loaded shared library C:\Users\erica\.vscode\extensions\redhat.java-1.42.0-win32-x64\jre\21.0.7-win32-x86_64\bin\instrument.dll
Event: 0.224 Loaded shared library C:\Users\erica\.vscode\extensions\redhat.java-1.42.0-win32-x64\jre\21.0.7-win32-x86_64\bin\net.dll
Event: 0.232 Loaded shared library C:\Users\erica\.vscode\extensions\redhat.java-1.42.0-win32-x64\jre\21.0.7-win32-x86_64\bin\nio.dll
Event: 0.252 Loaded shared library C:\Users\erica\.vscode\extensions\redhat.java-1.42.0-win32-x64\jre\21.0.7-win32-x86_64\bin\zip.dll
Event: 0.297 Loaded shared library C:\Users\erica\.vscode\extensions\redhat.java-1.42.0-win32-x64\jre\21.0.7-win32-x86_64\bin\jimage.dll
Event: 0.443 Loaded shared library c:\Users\erica\.vscode\extensions\redhat.java-1.42.0-win32-x64\jre\21.0.7-win32-x86_64\bin\verify.dll
Event: 8.469 Loaded shared library C:\Users\erica\AppData\Roaming\Code\User\globalStorage\redhat.java\1.42.0\config_win\org.eclipse.equinox.launcher\org.eclipse.equinox.launcher.win32.win32.x86_64_1.2.1300.v20250331-1702\eclipse_11911.dll
Event: 20.689 Loaded shared library C:\Users\erica\AppData\Local\Temp\jna-96775866\jna13152270889619743762.dll
Event: 22.551 Loaded shared library C:\Users\erica\.vscode\extensions\redhat.java-1.42.0-win32-x64\jre\21.0.7-win32-x86_64\bin\sunmscapi.dll
Event: 23.178 Loaded shared library C:\Users\erica\.vscode\extensions\redhat.java-1.42.0-win32-x64\jre\21.0.7-win32-x86_64\bin\extnet.dll
Event: 25.497 Loaded shared library C:\Users\erica\.gradle\native\c067742578af261105cb4f569cf0c3c89f3d7b1fecec35dd04571415982c5e48\windows-amd64\native-platform.dll
Event: 27.227 Loaded shared library C:\Users\erica\.vscode\extensions\redhat.java-1.42.0-win32-x64\jre\21.0.7-win32-x86_64\bin\management.dll
Event: 27.231 Loaded shared library C:\Users\erica\.vscode\extensions\redhat.java-1.42.0-win32-x64\jre\21.0.7-win32-x86_64\bin\management_ext.dll

Deoptimization events (20 events):
Event: 57.389 Thread 0x000001db6d25ef80 DEOPT PACKING pc=0x000001db199be30c sp=0x000000b56dcfe660
Event: 57.389 Thread 0x000001db6d25ef80 DEOPT UNPACKING pc=0x000001db18d03aa2 sp=0x000000b56dcfe4d8 mode 2
Event: 57.394 Thread 0x000001db6d25ef80 Uncommon trap: trap_request=0xffffff45 fr.pc=0x000001db194fdc74 relative=0x00000000000002d4
Event: 57.394 Thread 0x000001db6d25ef80 Uncommon trap: reason=unstable_if action=reinterpret pc=0x000001db194fdc74 method=java.lang.String.decodeASCII([BI[CII)I @ 13 c2
Event: 57.394 Thread 0x000001db6d25ef80 DEOPT PACKING pc=0x000001db194fdc74 sp=0x000000b56dcfddf0
Event: 57.394 Thread 0x000001db6d25ef80 DEOPT UNPACKING pc=0x000001db18d03aa2 sp=0x000000b56dcfdd20 mode 2
Event: 57.396 Thread 0x000001db6d25ef80 Uncommon trap: trap_request=0xffffff45 fr.pc=0x000001db19bec5ec relative=0x0000000000000b2c
Event: 57.396 Thread 0x000001db6d25ef80 Uncommon trap: reason=unstable_if action=reinterpret pc=0x000001db19bec5ec method=org.eclipse.jdt.internal.compiler.parser.Scanner.internalScanIdentifierOrKeyword(II[C)Lorg/eclipse/jdt/internal/compiler/parser/TerminalToken; @ 3690 c2
Event: 57.396 Thread 0x000001db6d25ef80 DEOPT PACKING pc=0x000001db19bec5ec sp=0x000000b56dcfdfe0
Event: 57.396 Thread 0x000001db6d25ef80 DEOPT UNPACKING pc=0x000001db18d03aa2 sp=0x000000b56dcfdf80 mode 2
Event: 57.487 Thread 0x000001db6d820540 Uncommon trap: trap_request=0xffffff6e fr.pc=0x000001db19c15bfc relative=0x000000000000015c
Event: 57.487 Thread 0x000001db6d820540 Uncommon trap: reason=loop_limit_check action=maybe_recompile pc=0x000001db19c15bfc method=org.eclipse.jdt.internal.compiler.lookup.ReferenceBinding.compare([C[CII)I @ 46 c2
Event: 57.487 Thread 0x000001db6d820540 DEOPT PACKING pc=0x000001db19c15bfc sp=0x000000b56eefd870
Event: 57.487 Thread 0x000001db6d820540 DEOPT UNPACKING pc=0x000001db18d03aa2 sp=0x000000b56eefd7e0 mode 2
Event: 57.497 Thread 0x000001db6d820540 DEOPT PACKING pc=0x000001db12195ba2 sp=0x000000b56eefd460
Event: 57.497 Thread 0x000001db6d820540 DEOPT UNPACKING pc=0x000001db18d04242 sp=0x000000b56eefc970 mode 0
Event: 57.507 Thread 0x000001db6d25ef80 DEOPT PACKING pc=0x000001db129f8d96 sp=0x000000b56dcfde40
Event: 57.507 Thread 0x000001db6d25ef80 DEOPT UNPACKING pc=0x000001db18d04242 sp=0x000000b56dcfd348 mode 0
Event: 57.602 Thread 0x000001db6d820540 DEOPT PACKING pc=0x000001db1209f053 sp=0x000000b56eefd580
Event: 57.602 Thread 0x000001db6d820540 DEOPT UNPACKING pc=0x000001db18d04242 sp=0x000000b56eefca30 mode 0

Classes loaded (20 events):
Event: 44.333 Loading class java/util/concurrent/CompletableFuture$UniExceptionally
Event: 44.333 Loading class java/util/concurrent/CompletableFuture$UniExceptionally done
Event: 44.355 Loading class java/util/Hashtable$KeySet
Event: 44.355 Loading class java/util/Hashtable$KeySet done
Event: 44.470 Loading class jdk/internal/event/SecurityPropertyModificationEvent
Event: 44.470 Loading class jdk/internal/event/SecurityPropertyModificationEvent done
Event: 44.665 Loading class java/util/zip/GZIPInputStream$1
Event: 44.666 Loading class java/util/zip/GZIPInputStream$1 done
Event: 45.005 Loading class java/util/stream/ReduceOps$4
Event: 45.005 Loading class java/util/stream/ReduceOps$4 done
Event: 45.006 Loading class java/util/stream/ReduceOps$4ReducingSink
Event: 45.006 Loading class java/util/stream/ReduceOps$4ReducingSink done
Event: 45.456 Loading class java/util/concurrent/ConcurrentHashMap$TreeNode
Event: 45.457 Loading class java/util/concurrent/ConcurrentHashMap$TreeNode done
Event: 45.457 Loading class java/util/concurrent/ConcurrentHashMap$TreeBin
Event: 45.457 Loading class java/util/concurrent/ConcurrentHashMap$TreeBin done
Event: 45.656 Loading class jdk/internal/ref/CleanerImpl$InnocuousThreadFactory
Event: 45.656 Loading class jdk/internal/ref/CleanerImpl$InnocuousThreadFactory done
Event: 57.065 Loading class java/util/concurrent/ForkJoinTask$AdaptedCallable
Event: 57.066 Loading class java/util/concurrent/ForkJoinTask$AdaptedCallable done

Classes unloaded (7 events):
Event: 21.369 Thread 0x000001db22964930 Unloading class 0x000001db241a4400 'java/lang/invoke/LambdaForm$MH+0x000001db241a4400'
Event: 21.369 Thread 0x000001db22964930 Unloading class 0x000001db241a4000 'java/lang/invoke/LambdaForm$MH+0x000001db241a4000'
Event: 21.369 Thread 0x000001db22964930 Unloading class 0x000001db241a3c00 'java/lang/invoke/LambdaForm$MH+0x000001db241a3c00'
Event: 21.369 Thread 0x000001db22964930 Unloading class 0x000001db241a3800 'java/lang/invoke/LambdaForm$MH+0x000001db241a3800'
Event: 21.369 Thread 0x000001db22964930 Unloading class 0x000001db241a3400 'java/lang/invoke/LambdaForm$BMH+0x000001db241a3400'
Event: 21.369 Thread 0x000001db22964930 Unloading class 0x000001db241a3000 'java/lang/invoke/LambdaForm$DMH+0x000001db241a3000'
Event: 21.369 Thread 0x000001db22964930 Unloading class 0x000001db241a1c00 'java/lang/invoke/LambdaForm$DMH+0x000001db241a1c00'

Classes redefined (0 events):
No events

Internal exceptions (20 events):
Event: 44.637 Thread 0x000001db6c194a90 Exception <a 'sun/nio/fs/WindowsException'{0x00000000eab4d048}> (0x00000000eab4d048) 
thrown [s\src\hotspot\share\prims\jni.cpp, line 520]
Event: 44.640 Thread 0x000001db6c194a90 Exception <a 'sun/nio/fs/WindowsException'{0x00000000eab57700}> (0x00000000eab57700) 
thrown [s\src\hotspot\share\prims\jni.cpp, line 520]
Event: 44.641 Thread 0x000001db6c194a90 Exception <a 'sun/nio/fs/WindowsException'{0x00000000eab580c0}> (0x00000000eab580c0) 
thrown [s\src\hotspot\share\prims\jni.cpp, line 520]
Event: 44.667 Thread 0x000001db6c194a90 Exception <a 'java/lang/NoSuchMethodError'{0x00000000eac19578}: 'int java.lang.invoke.DirectMethodHandle$Holder.invokeStatic(java.lang.Object)'> (0x00000000eac19578) 
thrown [s\src\hotspot\share\interpreter\linkResolver.cpp, line 773]
Event: 44.715 Thread 0x000001db6c194a90 Exception <a 'java/io/FileNotFoundException'{0x00000000eadd1948}> (0x00000000eadd1948) 
thrown [s\src\hotspot\share\prims\jni.cpp, line 520]
Event: 44.715 Thread 0x000001db6c194a90 Exception <a 'java/io/FileNotFoundException'{0x00000000eadd2940}> (0x00000000eadd2940) 
thrown [s\src\hotspot\share\prims\jni.cpp, line 520]
Event: 44.716 Thread 0x000001db6c194a90 Exception <a 'java/io/FileNotFoundException'{0x00000000eade2418}> (0x00000000eade2418) 
thrown [s\src\hotspot\share\prims\jni.cpp, line 520]
Event: 44.716 Thread 0x000001db6c194a90 Exception <a 'java/io/FileNotFoundException'{0x00000000eadffad8}> (0x00000000eadffad8) 
thrown [s\src\hotspot\share\prims\jni.cpp, line 520]
Event: 44.717 Thread 0x000001db6c194a90 Exception <a 'java/io/FileNotFoundException'{0x00000000eae00af0}> (0x00000000eae00af0) 
thrown [s\src\hotspot\share\prims\jni.cpp, line 520]
Event: 44.734 Thread 0x000001db6c192330 Exception <a 'java/lang/NoSuchMethodError'{0x00000000eada4470}: 'java.lang.Object java.lang.invoke.DirectMethodHandle$Holder.invokeSpecial(java.lang.Object, java.lang.Object, int, long)'> (0x00000000eada4470) 
thrown [s\src\hotspot\share\interpreter\linkResolver.cpp, line 773]
Event: 44.854 Thread 0x000001db6c194a90 Exception <a 'sun/nio/fs/WindowsException'{0x00000000ead515a0}> (0x00000000ead515a0) 
thrown [s\src\hotspot\share\prims\jni.cpp, line 520]
Event: 44.854 Thread 0x000001db6c194a90 Exception <a 'sun/nio/fs/WindowsException'{0x00000000ead51cb0}> (0x00000000ead51cb0) 
thrown [s\src\hotspot\share\prims\jni.cpp, line 520]
Event: 44.887 Thread 0x000001db6d820540 Exception <a 'java/lang/NoSuchMethodError'{0x00000000eab7c018}: 'int java.lang.invoke.Invokers$Holder.invokeExact_MT(java.lang.Object, java.lang.Object)'> (0x00000000eab7c018) 
thrown [s\src\hotspot\share\interpreter\linkResolver.cpp, line 773]
Event: 44.963 Thread 0x000001db6d820540 Exception <a 'java/lang/IncompatibleClassChangeError'{0x00000000ead22f90}: Found class java.lang.Object, but interface was expected> (0x00000000ead22f90) 
thrown [s\src\hotspot\share\interpreter\linkResolver.cpp, line 840]
Event: 45.010 Thread 0x000001db6d820540 Exception <a 'java/lang/NoSuchMethodError'{0x00000000eac85dc0}: 'int java.lang.invoke.DirectMethodHandle$Holder.invokeSpecialIFC(java.lang.Object, java.lang.Object, java.lang.Object)'> (0x00000000eac85dc0) 
thrown [s\src\hotspot\share\interpreter\linkResolver.cpp, line 773]
Event: 45.177 Thread 0x000001db6d820540 Exception <a 'java/lang/NoSuchMethodError'{0x00000000eabc5210}: 'void java.lang.invoke.DirectMethodHandle$Holder.invokeVirtual(java.lang.Object, java.lang.Object, java.lang.Object, java.lang.Object, java.lang.Object)'> (0x00000000eabc5210) 
thrown [s\src\hotspot\share\interpreter\linkResolver.cpp, line 773]
Event: 45.464 Thread 0x000001db6d821260 Implicit null exception at 0x000001db197e175a to 0x000001db197e17b3
Event: 46.880 Thread 0x000001db6d25ef80 Exception <a 'java/lang/IncompatibleClassChangeError'{0x00000000eb11c4e0}: Found class java.lang.Object, but interface was expected> (0x00000000eb11c4e0) 
thrown [s\src\hotspot\share\interpreter\linkResolver.cpp, line 840]
Event: 56.928 Thread 0x000001db6d25ef80 Implicit null exception at 0x000001db192e7d00 to 0x000001db192e89e8
Event: 56.984 Thread 0x000001db6d25ef80 Exception <a 'java/lang/IncompatibleClassChangeError'{0x00000000ead0e8a0}: Found class java.lang.Object, but interface was expected> (0x00000000ead0e8a0) 
thrown [s\src\hotspot\share\interpreter\linkResolver.cpp, line 840]

ZGC Phase Switch (0 events):
No events

VM Operations (20 events):
Event: 57.223 Executing VM operation: ParallelGCFailedAllocation (Allocation Failure)
Event: 57.225 Executing VM operation: ParallelGCFailedAllocation (Allocation Failure) done
Event: 57.252 Executing VM operation: ParallelGCFailedAllocation (Allocation Failure)
Event: 57.253 Executing VM operation: ParallelGCFailedAllocation (Allocation Failure) done
Event: 57.280 Executing VM operation: HandshakeAllThreads (Deoptimize)
Event: 57.280 Executing VM operation: HandshakeAllThreads (Deoptimize) done
Event: 57.281 Executing VM operation: ParallelGCFailedAllocation (Allocation Failure)
Event: 57.283 Executing VM operation: ParallelGCFailedAllocation (Allocation Failure) done
Event: 57.286 Executing VM operation: HandshakeAllThreads (Deoptimize)
Event: 57.286 Executing VM operation: HandshakeAllThreads (Deoptimize) done
Event: 57.332 Executing VM operation: ParallelGCFailedAllocation (Allocation Failure)
Event: 57.334 Executing VM operation: ParallelGCFailedAllocation (Allocation Failure) done
Event: 57.381 Executing VM operation: ParallelGCFailedAllocation (Allocation Failure)
Event: 57.383 Executing VM operation: ParallelGCFailedAllocation (Allocation Failure) done
Event: 57.479 Executing VM operation: ParallelGCFailedAllocation (Allocation Failure)
Event: 57.481 Executing VM operation: ParallelGCFailedAllocation (Allocation Failure) done
Event: 57.588 Executing VM operation: ParallelGCFailedAllocation (Allocation Failure)
Event: 57.589 Executing VM operation: ParallelGCFailedAllocation (Allocation Failure) done
Event: 57.607 Executing VM operation: ParallelGCFailedAllocation (Allocation Failure)
Event: 57.608 Executing VM operation: ParallelGCFailedAllocation (Allocation Failure) done

Memory protections (0 events):
No events

Nmethod flushes (20 events):
Event: 45.361 Thread 0x000001db22964930 flushing  nmethod 0x000001db125f5890
Event: 45.361 Thread 0x000001db22964930 flushing  nmethod 0x000001db125f7910
Event: 45.361 Thread 0x000001db22964930 flushing  nmethod 0x000001db125fa790
Event: 45.361 Thread 0x000001db22964930 flushing  nmethod 0x000001db125fb090
Event: 45.361 Thread 0x000001db22964930 flushing  nmethod 0x000001db12605390
Event: 45.361 Thread 0x000001db22964930 flushing  nmethod 0x000001db12627a10
Event: 45.361 Thread 0x000001db22964930 flushing  nmethod 0x000001db12640f90
Event: 45.361 Thread 0x000001db22964930 flushing  nmethod 0x000001db1264f710
Event: 45.361 Thread 0x000001db22964930 flushing  nmethod 0x000001db12661590
Event: 45.361 Thread 0x000001db22964930 flushing  nmethod 0x000001db12663910
Event: 45.361 Thread 0x000001db22964930 flushing  nmethod 0x000001db12689c10
Event: 45.361 Thread 0x000001db22964930 flushing  nmethod 0x000001db126b4610
Event: 45.361 Thread 0x000001db22964930 flushing  nmethod 0x000001db126b5c90
Event: 45.361 Thread 0x000001db22964930 flushing osr nmethod 0x000001db126be210
Event: 45.361 Thread 0x000001db22964930 flushing  nmethod 0x000001db126de290
Event: 45.361 Thread 0x000001db22964930 flushing  nmethod 0x000001db126df390
Event: 45.361 Thread 0x000001db22964930 flushing  nmethod 0x000001db126ebe10
Event: 45.361 Thread 0x000001db22964930 flushing  nmethod 0x000001db126ec310
Event: 45.361 Thread 0x000001db22964930 flushing  nmethod 0x000001db12709a10
Event: 45.361 Thread 0x000001db22964930 flushing  nmethod 0x000001db12711f90

Events (20 events):
Event: 44.335 Thread 0x000001db6d25ef80 Thread added: 0x000001db6d821260
Event: 44.358 Thread 0x000001db6d81f820 Thread exited: 0x000001db6d81f820
Event: 44.359 Thread 0x000001db6d81d0c0 Thread exited: 0x000001db6d81d0c0
Event: 44.368 Thread 0x000001db77f05fe0 Thread exited: 0x000001db77f05fe0
Event: 44.412 Thread 0x000001db6d25ef80 Thread added: 0x000001db6d81dde0
Event: 44.424 Thread 0x000001db6d25ef80 Thread added: 0x000001db6d81d0c0
Event: 44.430 Thread 0x000001db6d25ef80 Thread added: 0x000001db6d8218f0
Event: 44.434 Thread 0x000001db6d25ef80 Thread added: 0x000001db6d81e470
Event: 44.474 Thread 0x000001db6d81e470 Thread added: 0x000001db6d81f190
Event: 44.477 Thread 0x000001db6d25ef80 Thread added: 0x000001db6d81eb00
Event: 44.975 Thread 0x000001db6d81f190 Thread exited: 0x000001db6d81f190
Event: 45.657 Thread 0x000001db6d8218f0 Thread added: 0x000001db6d81f820
Event: 46.342 Thread 0x000001db7802b1c0 Thread exited: 0x000001db7802b1c0
Event: 46.883 Thread 0x000001db7802aaf0 Thread exited: 0x000001db7802aaf0
Event: 46.890 Thread 0x000001db6599c100 Thread added: 0x000001db78029d50
Event: 46.890 Thread 0x000001db6599c100 Thread added: 0x000001db7802aaf0
Event: 48.871 Thread 0x000001db7802aaf0 Thread exited: 0x000001db7802aaf0
Event: 50.400 Thread 0x000001db78029d50 Thread exited: 0x000001db78029d50
Event: 56.933 Thread 0x000001db65a12120 Thread added: 0x000001db7802c630
Event: 56.940 Thread 0x000001db65a12120 Thread added: 0x000001db78029d50


Dynamic libraries:
0x00007ff7f1470000 - 0x00007ff7f147e000 	c:\Users\erica\.vscode\extensions\redhat.java-1.42.0-win32-x64\jre\21.0.7-win32-x86_64\bin\java.exe
0x00007ffa7eee0000 - 0x00007ffa7f145000 	C:\WINDOWS\SYSTEM32\ntdll.dll
0x00007ffa7da00000 - 0x00007ffa7dac9000 	C:\WINDOWS\System32\KERNEL32.DLL
0x00007ffa7c6b0000 - 0x00007ffa7ca98000 	C:\WINDOWS\System32\KERNELBASE.dll
0x00007ffa7c060000 - 0x00007ffa7c1ab000 	C:\WINDOWS\System32\ucrtbase.dll
0x00007ffa3bc50000 - 0x00007ffa3bc68000 	c:\Users\erica\.vscode\extensions\redhat.java-1.42.0-win32-x64\jre\21.0.7-win32-x86_64\bin\jli.dll
0x00007ffa7def0000 - 0x00007ffa7e0ba000 	C:\WINDOWS\System32\USER32.dll
0x00007ffa7c030000 - 0x00007ffa7c057000 	C:\WINDOWS\System32\win32u.dll
0x00007ffa7cfc0000 - 0x00007ffa7cfeb000 	C:\WINDOWS\System32\GDI32.dll
0x00007ffa347e0000 - 0x00007ffa347fe000 	c:\Users\erica\.vscode\extensions\redhat.java-1.42.0-win32-x64\jre\21.0.7-win32-x86_64\bin\VCRUNTIME140.dll
0x00007ffa7cb40000 - 0x00007ffa7cc77000 	C:\WINDOWS\System32\gdi32full.dll
0x00007ffa7c540000 - 0x00007ffa7c5e3000 	C:\WINDOWS\System32\msvcp_win.dll
0x00007ffa6c840000 - 0x00007ffa6cada000 	C:\WINDOWS\WinSxS\amd64_microsoft.windows.common-controls_6595b64144ccf1df_6.0.26100.4202_none_3e0698d4e335f517\COMCTL32.dll
0x00007ffa7db90000 - 0x00007ffa7dc39000 	C:\WINDOWS\System32\msvcrt.dll
0x00007ffa7edf0000 - 0x00007ffa7ee20000 	C:\WINDOWS\System32\IMM32.DLL
0x00007ffa5f330000 - 0x00007ffa5f33c000 	c:\Users\erica\.vscode\extensions\redhat.java-1.42.0-win32-x64\jre\21.0.7-win32-x86_64\bin\vcruntime140_1.dll
0x00007ffa199c0000 - 0x00007ffa19a4d000 	c:\Users\erica\.vscode\extensions\redhat.java-1.42.0-win32-x64\jre\21.0.7-win32-x86_64\bin\msvcp140.dll
0x00007ff9feff0000 - 0x00007ff9ffd80000 	c:\Users\erica\.vscode\extensions\redhat.java-1.42.0-win32-x64\jre\21.0.7-win32-x86_64\bin\server\jvm.dll
0x00007ffa7dad0000 - 0x00007ffa7db83000 	C:\WINDOWS\System32\ADVAPI32.dll
0x00007ffa7ec20000 - 0x00007ffa7ecc6000 	C:\WINDOWS\System32\sechost.dll
0x00007ffa7e160000 - 0x00007ffa7e275000 	C:\WINDOWS\System32\RPCRT4.dll
0x00007ffa7d7c0000 - 0x00007ffa7d834000 	C:\WINDOWS\System32\WS2_32.dll
0x00007ffa7b890000 - 0x00007ffa7b8ee000 	C:\WINDOWS\SYSTEM32\POWRPROF.dll
0x00007ffa74ff0000 - 0x00007ffa74ffb000 	C:\WINDOWS\SYSTEM32\VERSION.dll
0x00007ffa74390000 - 0x00007ffa743c5000 	C:\WINDOWS\SYSTEM32\WINMM.dll
0x00007ffa7b870000 - 0x00007ffa7b884000 	C:\WINDOWS\SYSTEM32\UMPDC.dll
0x00007ffa7adb0000 - 0x00007ffa7adcb000 	C:\WINDOWS\SYSTEM32\kernel.appcore.dll
0x00007ffa5f5a0000 - 0x00007ffa5f5aa000 	c:\Users\erica\.vscode\extensions\redhat.java-1.42.0-win32-x64\jre\21.0.7-win32-x86_64\bin\jimage.dll
0x00007ffa6f2c0000 - 0x00007ffa6f501000 	C:\WINDOWS\SYSTEM32\DBGHELP.DLL
0x00007ffa7e280000 - 0x00007ffa7e605000 	C:\WINDOWS\System32\combase.dll
0x00007ffa7ed00000 - 0x00007ffa7ede1000 	C:\WINDOWS\System32\OLEAUT32.dll
0x00007ffa68890000 - 0x00007ffa688c9000 	C:\WINDOWS\SYSTEM32\dbgcore.DLL
0x00007ffa7caa0000 - 0x00007ffa7cb39000 	C:\WINDOWS\System32\bcryptPrimitives.dll
0x00007ffa5f520000 - 0x00007ffa5f52f000 	c:\Users\erica\.vscode\extensions\redhat.java-1.42.0-win32-x64\jre\21.0.7-win32-x86_64\bin\instrument.dll
0x00007ffa5f580000 - 0x00007ffa5f59f000 	c:\Users\erica\.vscode\extensions\redhat.java-1.42.0-win32-x64\jre\21.0.7-win32-x86_64\bin\java.dll
0x00007ffa7cff0000 - 0x00007ffa7d732000 	C:\WINDOWS\System32\SHELL32.dll
0x00007ffa7c1b0000 - 0x00007ffa7c324000 	C:\WINDOWS\System32\wintypes.dll
0x00007ffa79c70000 - 0x00007ffa7a4c8000 	C:\WINDOWS\SYSTEM32\windows.storage.dll
0x00007ffa7ddf0000 - 0x00007ffa7dee1000 	C:\WINDOWS\System32\SHCORE.dll
0x00007ffa7d740000 - 0x00007ffa7d7aa000 	C:\WINDOWS\System32\shlwapi.dll
0x00007ffa7bf40000 - 0x00007ffa7bf6f000 	C:\WINDOWS\SYSTEM32\profapi.dll
0x00007ffa5f560000 - 0x00007ffa5f578000 	c:\Users\erica\.vscode\extensions\redhat.java-1.42.0-win32-x64\jre\21.0.7-win32-x86_64\bin\zip.dll
0x00007ffa5f550000 - 0x00007ffa5f560000 	C:\Users\erica\.vscode\extensions\redhat.java-1.42.0-win32-x64\jre\21.0.7-win32-x86_64\bin\net.dll
0x00007ffa74900000 - 0x00007ffa74a1e000 	C:\WINDOWS\SYSTEM32\WINHTTP.dll
0x00007ffa7b300000 - 0x00007ffa7b36a000 	C:\WINDOWS\system32\mswsock.dll
0x00007ffa5f530000 - 0x00007ffa5f546000 	C:\Users\erica\.vscode\extensions\redhat.java-1.42.0-win32-x64\jre\21.0.7-win32-x86_64\bin\nio.dll
0x00007ffa5f510000 - 0x00007ffa5f520000 	c:\Users\erica\.vscode\extensions\redhat.java-1.42.0-win32-x64\jre\21.0.7-win32-x86_64\bin\verify.dll
0x00007ffa31cf0000 - 0x00007ffa31d35000 	C:\Users\erica\AppData\Roaming\Code\User\globalStorage\redhat.java\1.42.0\config_win\org.eclipse.equinox.launcher\org.eclipse.equinox.launcher.win32.win32.x86_64_1.2.1300.v20250331-1702\eclipse_11911.dll
0x00007ffa7dc40000 - 0x00007ffa7ddde000 	C:\WINDOWS\System32\ole32.dll
0x00007ffa7b6e0000 - 0x00007ffa7b6fb000 	C:\WINDOWS\SYSTEM32\CRYPTSP.dll
0x00007ffa7ad10000 - 0x00007ffa7ad4a000 	C:\WINDOWS\system32\rsaenh.dll
0x00007ffa7b3a0000 - 0x00007ffa7b3cb000 	C:\WINDOWS\SYSTEM32\USERENV.dll
0x00007ffa7bf10000 - 0x00007ffa7bf36000 	C:\WINDOWS\SYSTEM32\bcrypt.dll
0x00007ffa7b540000 - 0x00007ffa7b54c000 	C:\WINDOWS\SYSTEM32\CRYPTBASE.dll
0x00007ffa7a7c0000 - 0x00007ffa7a7f3000 	C:\WINDOWS\SYSTEM32\IPHLPAPI.DLL
0x00007ffa7e150000 - 0x00007ffa7e15a000 	C:\WINDOWS\System32\NSI.dll
0x00007ffa436c0000 - 0x00007ffa43709000 	C:\Users\erica\AppData\Local\Temp\jna-96775866\jna13152270889619743762.dll
0x00007ffa7cc80000 - 0x00007ffa7cc88000 	C:\WINDOWS\System32\PSAPI.DLL
0x00007ffa746b0000 - 0x00007ffa746cf000 	C:\WINDOWS\SYSTEM32\dhcpcsvc6.DLL
0x00007ffa74680000 - 0x00007ffa746a5000 	C:\WINDOWS\SYSTEM32\dhcpcsvc.DLL
0x00007ffa5f4e0000 - 0x00007ffa5f4ee000 	C:\Users\erica\.vscode\extensions\redhat.java-1.42.0-win32-x64\jre\21.0.7-win32-x86_64\bin\sunmscapi.dll
0x00007ffa7c330000 - 0x00007ffa7c4a7000 	C:\WINDOWS\System32\CRYPT32.dll
0x00007ffa7b950000 - 0x00007ffa7b980000 	C:\WINDOWS\SYSTEM32\ncrypt.dll
0x00007ffa7b900000 - 0x00007ffa7b93f000 	C:\WINDOWS\SYSTEM32\NTASN1.dll
0x00007ffa7a800000 - 0x00007ffa7a927000 	C:\WINDOWS\SYSTEM32\DNSAPI.dll
0x00007ffa66c50000 - 0x00007ffa66c5b000 	C:\Windows\System32\rasadhlp.dll
0x00007ffa728c0000 - 0x00007ffa72946000 	C:\WINDOWS\System32\fwpuclnt.dll
0x00007ffa5f4d0000 - 0x00007ffa5f4d9000 	C:\Users\erica\.vscode\extensions\redhat.java-1.42.0-win32-x64\jre\21.0.7-win32-x86_64\bin\extnet.dll
0x00007ffa5f4a0000 - 0x00007ffa5f4c7000 	C:\Users\erica\.gradle\native\c067742578af261105cb4f569cf0c3c89f3d7b1fecec35dd04571415982c5e48\windows-amd64\native-platform.dll
0x00007ffa5f500000 - 0x00007ffa5f50a000 	C:\Users\erica\.vscode\extensions\redhat.java-1.42.0-win32-x64\jre\21.0.7-win32-x86_64\bin\management.dll
0x00007ffa5f4f0000 - 0x00007ffa5f4fb000 	C:\Users\erica\.vscode\extensions\redhat.java-1.42.0-win32-x64\jre\21.0.7-win32-x86_64\bin\management_ext.dll
0x00007ffa25d50000 - 0x00007ffa25d58000 	C:\WINDOWS\system32\wshunix.dll

dbghelp: loaded successfully - version: 4.0.5 - missing functions: none
symbol engine: initialized successfully - sym options: 0x614 - pdb path: .;c:\Users\erica\.vscode\extensions\redhat.java-1.42.0-win32-x64\jre\21.0.7-win32-x86_64\bin;C:\WINDOWS\SYSTEM32;C:\WINDOWS\WinSxS\amd64_microsoft.windows.common-controls_6595b64144ccf1df_6.0.26100.4202_none_3e0698d4e335f517;c:\Users\erica\.vscode\extensions\redhat.java-1.42.0-win32-x64\jre\21.0.7-win32-x86_64\bin\server;C:\Users\erica\AppData\Roaming\Code\User\globalStorage\redhat.java\1.42.0\config_win\org.eclipse.equinox.launcher\org.eclipse.equinox.launcher.win32.win32.x86_64_1.2.1300.v20250331-1702;C:\Users\erica\AppData\Local\Temp\jna-96775866;C:\Users\erica\.gradle\native\c067742578af261105cb4f569cf0c3c89f3d7b1fecec35dd04571415982c5e48\windows-amd64

VM Arguments:
jvm_args: --add-modules=ALL-SYSTEM --add-opens=java.base/java.util=ALL-UNNAMED --add-opens=java.base/java.lang=ALL-UNNAMED --add-opens=java.base/sun.nio.fs=ALL-UNNAMED -Declipse.application=org.eclipse.jdt.ls.core.id1 -Dosgi.bundles.defaultStartLevel=4 -Declipse.product=org.eclipse.jdt.ls.core.product -Djava.import.generatesMetadataFilesAtProjectRoot=false -DDetectVMInstallationsJob.disabled=true -Dfile.encoding=utf8 -XX:+UseParallelGC -XX:GCTimeRatio=4 -XX:AdaptiveSizePolicyWeight=90 -Dsun.zip.disableMemoryMapping=true -Xmx1G -Xms100m -Xlog:disable -javaagent:c:\Users\erica\.vscode\extensions\redhat.java-1.42.0-win32-x64\lombok\lombok-1.18.36.jar -XX:+HeapDumpOnOutOfMemoryError -XX:HeapDumpPath=c:\Users\erica\AppData\Roaming\Code\User\workspaceStorage\c226c4d3aaca153f88d0744c7cd4e6ac\redhat.java -Daether.dependencyCollector.impl=bf 
java_command: c:\Users\erica\.vscode\extensions\redhat.java-1.42.0-win32-x64\server\plugins\org.eclipse.equinox.launcher_1.7.0.v20250424-1814.jar -configuration c:\Users\erica\AppData\Roaming\Code\User\globalStorage\redhat.java\1.42.0\config_win -data c:\Users\erica\AppData\Roaming\Code\User\workspaceStorage\c226c4d3aaca153f88d0744c7cd4e6ac\redhat.java\jdt_ws --pipe=\\.\pipe\lsp-66ab7d91c70a59a8f8c51bfbef3eebb6-sock
java_class_path (initial): c:\Users\erica\.vscode\extensions\redhat.java-1.42.0-win32-x64\server\plugins\org.eclipse.equinox.launcher_1.7.0.v20250424-1814.jar
Launcher Type: SUN_STANDARD

[Global flags]
    uintx AdaptiveSizePolicyWeight                 = 90                                        {product} {command line}
     intx CICompilerCount                          = 4                                         {product} {ergonomic}
    uintx GCTimeRatio                              = 4                                         {product} {command line}
     bool HeapDumpOnOutOfMemoryError               = true                                   {manageable} {command line}
    ccstr HeapDumpPath                             = c:\Users\erica\AppData\Roaming\Code\User\workspaceStorage\c226c4d3aaca153f88d0744c7cd4e6ac\redhat.java         {manageable} {command line}
   size_t InitialHeapSize                          = 104857600                                 {product} {command line}
   size_t MaxHeapSize                              = 1073741824                                {product} {command line}
   size_t MaxNewSize                               = 357564416                                 {product} {ergonomic}
   size_t MinHeapDeltaBytes                        = 524288                                    {product} {ergonomic}
   size_t MinHeapSize                              = 104857600                                 {product} {command line}
   size_t NewSize                                  = 34603008                                  {product} {ergonomic}
    uintx NonNMethodCodeHeapSize                   = 5839372                                {pd product} {ergonomic}
    uintx NonProfiledCodeHeapSize                  = 122909434                              {pd product} {ergonomic}
   size_t OldSize                                  = 70254592                                  {product} {ergonomic}
    uintx ProfiledCodeHeapSize                     = 122909434                              {pd product} {ergonomic}
    uintx ReservedCodeCacheSize                    = 251658240                              {pd product} {ergonomic}
     bool SegmentedCodeCache                       = true                                      {product} {ergonomic}
   size_t SoftMaxHeapSize                          = 1073741824                             {manageable} {ergonomic}
     bool UseCompressedOops                        = true                           {product lp64_product} {ergonomic}
     bool UseLargePagesIndividualAllocation        = false                                  {pd product} {ergonomic}
     bool UseParallelGC                            = true                                      {product} {command line}

Logging:
Log output configuration:
 #0: stdout all=off uptime,level,tags foldmultilines=false
 #1: stderr all=off uptime,level,tags foldmultilines=false

Environment Variables:
JAVA_HOME=C:\Program Files\Eclipse Adoptium\jdk-21.0.7.6-hotspot
PATH=C:\Program Files\Eclipse Adoptium\jdk-21.0.7.6-hotspot\bin;C:\WINDOWS\system32;C:\WINDOWS;C:\WINDOWS\System32\Wbem;C:\WINDOWS\System32\WindowsPowerShell\v1.0\;C:\WINDOWS\System32\OpenSSH\;C:\Program Files\Git\cmd;C:\xampp\php;C:\Program Files\Eclipse Adoptium\jdk-21.0.7.6-hotspot\bin;C:\Program Files\Cloudflare\Cloudflare WARP\;C:\Users\erica\AppData\Local\Microsoft\WindowsApps;C:\Users\erica\AppData\Local\Programs\Microsoft VS Code\bin;C:\Users\erica\AppData\Local\Programs\cursor\resources\app\bin
USERNAME=erica
OS=Windows_NT
PROCESSOR_IDENTIFIER=AMD64 Family 23 Model 96 Stepping 1, AuthenticAMD
TMP=C:\Users\erica\AppData\Local\Temp
TEMP=C:\Users\erica\AppData\Local\Temp




Periodic native trim disabled

---------------  S Y S T E M  ---------------

OS:
 Windows 11 , 64 bit Build 26100 (10.0.26100.4202)
OS uptime: 0 days 0:17 hours
Hyper-V role detected

CPU: total 12 (initial active 12) (12 cores per cpu, 2 threads per core) family 23 model 96 stepping 1 microcode 0x8600103, cx8, cmov, fxsr, ht, mmx, 3dnowpref, sse, sse2, sse3, ssse3, sse4a, sse4.1, sse4.2, popcnt, lzcnt, tsc, tscinvbit, avx, avx2, aes, clmul, bmi1, bmi2, adx, sha, fma, vzeroupper, clflush, clflushopt, hv, rdtscp, rdpid, f16c
Processor Information for the first 12 processors :
  Max Mhz: 3000, Current Mhz: 3000, Mhz Limit: 3000

Memory: 4k page, system-wide physical 15741M (3726M free)
TotalPageFile size 19837M (AvailPageFile size 6936M)
current process WorkingSet (physical memory assigned to process): 724M, peak: 1132M
current process commit charge ("private bytes"): 610M, peak: 1026M

vm_info: OpenJDK 64-Bit Server VM (21.0.7+6-LTS) for windows-amd64 JRE (21.0.7+6-LTS), built on 2025-04-15T00:00:00Z by "admin" with MS VC++ 17.7 (VS2022)

END.
